Archive member included to satisfy reference by file (symbol)

..\freertos\libfreertos.a(tasks.c.obj)
                              CMakeFiles/main.dir/main.cpp.obj (xTaskCreate)
..\freertos\libfreertos.a(timers.c.obj)
                              ..\freertos\libfreertos.a(tasks.c.obj) (xTimerCreateTimerTask)
..\freertos\libfreertos.a(heap_3.c.obj)
                              ..\freertos\libfreertos.a(tasks.c.obj) (pvPortMalloc)
..\freertos\libfreertos.a(port.c.obj)
                              ..\freertos\libfreertos.a(tasks.c.obj) (pxPortInitialiseStack)
..\freertos\libfreertos.a(list.c.obj)
                              ..\freertos\libfreertos.a(tasks.c.obj) (vListInitialise)
..\freertos\libfreertos.a(queue.c.obj)
                              ..\freertos\libfreertos.a(timers.c.obj) (xQueueGenericCreate)
c:/vsarm/armcc/102020~1/bin/../lib/gcc/arm-none-eabi/10.2.1/../../../../arm-none-eabi/lib/thumb/v6-m/nofp\libstdc++.a(functexcept.o)
                              CMakeFiles/main.dir/one_wire.cpp.obj (std::__throw_bad_alloc())
c:/vsarm/armcc/102020~1/bin/../lib/gcc/arm-none-eabi/10.2.1/../../../../arm-none-eabi/lib/thumb/v6-m/nofp\libstdc++.a(snprintf_lite.o)
                              c:/vsarm/armcc/102020~1/bin/../lib/gcc/arm-none-eabi/10.2.1/../../../../arm-none-eabi/lib/thumb/v6-m/nofp\libstdc++.a(functexcept.o) (__gnu_cxx::__snprintf_lite(char*, unsigned int, char const*, std::__va_list))
c:/vsarm/armcc/102020~1/bin/../lib/gcc/arm-none-eabi/10.2.1/../../../../arm-none-eabi/lib/thumb/v6-m/nofp\libstdc++.a(bad_alloc.o)
                              c:/vsarm/armcc/102020~1/bin/../lib/gcc/arm-none-eabi/10.2.1/../../../../arm-none-eabi/lib/thumb/v6-m/nofp\libstdc++.a(functexcept.o) (std::bad_alloc::~bad_alloc())
c:/vsarm/armcc/102020~1/bin/../lib/gcc/arm-none-eabi/10.2.1/../../../../arm-none-eabi/lib/thumb/v6-m/nofp\libstdc++.a(bad_cast.o)
                              c:/vsarm/armcc/102020~1/bin/../lib/gcc/arm-none-eabi/10.2.1/../../../../arm-none-eabi/lib/thumb/v6-m/nofp\libstdc++.a(functexcept.o) (std::bad_cast::~bad_cast())
c:/vsarm/armcc/102020~1/bin/../lib/gcc/arm-none-eabi/10.2.1/../../../../arm-none-eabi/lib/thumb/v6-m/nofp\libstdc++.a(bad_typeid.o)
                              c:/vsarm/armcc/102020~1/bin/../lib/gcc/arm-none-eabi/10.2.1/../../../../arm-none-eabi/lib/thumb/v6-m/nofp\libstdc++.a(functexcept.o) (std::bad_typeid::~bad_typeid())
c:/vsarm/armcc/102020~1/bin/../lib/gcc/arm-none-eabi/10.2.1/../../../../arm-none-eabi/lib/thumb/v6-m/nofp\libstdc++.a(eh_alloc.o)
                              c:/vsarm/armcc/102020~1/bin/../lib/gcc/arm-none-eabi/10.2.1/../../../../arm-none-eabi/lib/thumb/v6-m/nofp\libstdc++.a(functexcept.o) (__cxa_allocate_exception)
c:/vsarm/armcc/102020~1/bin/../lib/gcc/arm-none-eabi/10.2.1/../../../../arm-none-eabi/lib/thumb/v6-m/nofp\libstdc++.a(eh_arm.o)
                              c:/vsarm/armcc/102020~1/bin/../lib/gcc/arm-none-eabi/10.2.1/../../../../arm-none-eabi/lib/thumb/v6-m/nofp\libstdc++.a(functexcept.o) (__cxa_end_cleanup)
c:/vsarm/armcc/102020~1/bin/../lib/gcc/arm-none-eabi/10.2.1/../../../../arm-none-eabi/lib/thumb/v6-m/nofp\libstdc++.a(eh_exception.o)
                              c:/vsarm/armcc/102020~1/bin/../lib/gcc/arm-none-eabi/10.2.1/../../../../arm-none-eabi/lib/thumb/v6-m/nofp\libstdc++.a(bad_alloc.o) (std::exception::~exception())
c:/vsarm/armcc/102020~1/bin/../lib/gcc/arm-none-eabi/10.2.1/../../../../arm-none-eabi/lib/thumb/v6-m/nofp\libstdc++.a(eh_globals.o)
                              c:/vsarm/armcc/102020~1/bin/../lib/gcc/arm-none-eabi/10.2.1/../../../../arm-none-eabi/lib/thumb/v6-m/nofp\libstdc++.a(eh_arm.o) (__cxa_get_globals)
c:/vsarm/armcc/102020~1/bin/../lib/gcc/arm-none-eabi/10.2.1/../../../../arm-none-eabi/lib/thumb/v6-m/nofp\libstdc++.a(eh_personality.o)
                              c:/vsarm/armcc/102020~1/bin/../lib/gcc/arm-none-eabi/10.2.1/../../../../arm-none-eabi/lib/thumb/v6-m/nofp\libstdc++.a(functexcept.o) (__gxx_personality_v0)
c:/vsarm/armcc/102020~1/bin/../lib/gcc/arm-none-eabi/10.2.1/../../../../arm-none-eabi/lib/thumb/v6-m/nofp\libstdc++.a(eh_terminate.o)
                              c:/vsarm/armcc/102020~1/bin/../lib/gcc/arm-none-eabi/10.2.1/../../../../arm-none-eabi/lib/thumb/v6-m/nofp\libstdc++.a(eh_alloc.o) (std::terminate())
c:/vsarm/armcc/102020~1/bin/../lib/gcc/arm-none-eabi/10.2.1/../../../../arm-none-eabi/lib/thumb/v6-m/nofp\libstdc++.a(eh_throw.o)
                              c:/vsarm/armcc/102020~1/bin/../lib/gcc/arm-none-eabi/10.2.1/../../../../arm-none-eabi/lib/thumb/v6-m/nofp\libstdc++.a(functexcept.o) (__cxa_throw)
c:/vsarm/armcc/102020~1/bin/../lib/gcc/arm-none-eabi/10.2.1/../../../../arm-none-eabi/lib/thumb/v6-m/nofp\libstdc++.a(eh_unex_handler.o)
                              c:/vsarm/armcc/102020~1/bin/../lib/gcc/arm-none-eabi/10.2.1/../../../../arm-none-eabi/lib/thumb/v6-m/nofp\libstdc++.a(eh_terminate.o) (__cxxabiv1::__unexpected_handler)
[...]
Memory Configuration

Name             Origin             Length             Attributes
FLASH            0x10000000         0x00200000         xr
RAM              0x20000000         0x00040000         xrw
SCRATCH_X        0x20040000         0x00001000         xrw
SCRATCH_Y        0x20041000         0x00001000         xrw
*default*        0x00000000         0xffffffff

Linker script and memory map

LOAD c:/vsarm/armcc/102020~1/bin/../lib/gcc/arm-none-eabi/10.2.1/thumb/v6-m/nofp/crti.o
LOAD c:/vsarm/armcc/102020~1/bin/../lib/gcc/arm-none-eabi/10.2.1/thumb/v6-m/nofp/crtbegin.o
LOAD c:/vsarm/armcc/102020~1/bin/../lib/gcc/arm-none-eabi/10.2.1/../../../../arm-none-eabi/lib/thumb/v6-m/nofp/crt0.o

.flash_begin    0x10000000        0x0
                0x10000000                __flash_binary_start = .

.boot2          0x10000000      0x100
                0x10000000                __boot2_start__ = .
 *(.boot2)
 .boot2         0x10000000      0x100 C:\Users\win10\AppData\Local\Temp\ccCsNr9n.o
                0x10000100                __boot2_end__ = .
                0x00000001                ASSERT (((__boot2_end__ - __boot2_start__) == 0x100), ERROR: Pico second stage bootloader must be 256 bytes in size)

.text           0x10000100     0xb898
                0x10000100                __logical_binary_start = .
 *(.vectors)
 .vectors       0x10000100       0xd4 CMakeFiles/main.dir/C_/VSARM/sdk/pico/pico-sdk/src/rp2_common/pico_standard_link/crt0.S.obj
                0x10000100                __vectors
                0x10000100                __VECTOR_TABLE
                0x100001c0                isr_invalid
                0x100001c0                __default_isrs_start
                0x100001c2                isr_nmi
                0x100001c4                isr_hardfault
                0x100001cc                isr_irq11
                0x100001cc                isr_irq23
                0x100001cc                isr_irq18
                0x100001cc                isr_irq5
                0x100001cc                isr_irq31
                0x100001cc                isr_irq27
                0x100001cc                isr_irq19
                0x100001cc                isr_irq0
                0x100001cc                isr_irq6
                0x100001cc                isr_irq13
                0x100001cc                isr_irq12
                0x100001cc                isr_irq22
                0x100001cc                __unhandled_user_irq
                0x100001cc                isr_irq17
                0x100001cc                isr_irq14
                0x100001cc                isr_irq28
                0x100001cc                isr_irq2
                0x100001cc                isr_irq10
                0x100001cc                isr_irq8
                0x100001cc                isr_irq24
                0x100001cc                isr_irq1
                0x100001cc                isr_irq7
                0x100001cc                isr_irq21
                0x100001cc                isr_irq20
                0x100001cc                isr_irq15
                0x100001cc                isr_irq25
                0x100001cc                isr_irq30
                0x100001cc                isr_irq4
                0x100001cc                isr_irq16
                0x100001cc                isr_irq29
                0x100001cc                isr_irq26
                0x100001cc                __default_isrs_end
                0x100001cc                isr_irq3
                0x100001cc                isr_irq9
                0x100001d2                unhandled_user_irq_num_in_r0
 *(.binary_info_header)
 .binary_info_header
                0x100001d4       0x14 CMakeFiles/main.dir/C_/VSARM/sdk/pico/pico-sdk/src/rp2_common/pico_standard_link/crt0.S.obj
                0x100001e8                __binary_info_header_end = .
 *(.reset)
 .reset         0x100001e8       0xa8 CMakeFiles/main.dir/C_/VSARM/sdk/pico/pico-sdk/src/rp2_common/pico_standard_link/crt0.S.obj
                0x100001e8                _entry_point
                0x10000266                __get_current_exception
 .reset         0x10000290       0x30 CMakeFiles/main.dir/C_/VSARM/sdk/pico/pico-sdk/src/rp2_common/pico_standard_link/binary_info.c.obj
 *(.init)
 .init          0x100002c0        0x4 c:/vsarm/armcc/102020~1/bin/../lib/gcc/arm-none-eabi/10.2.1/thumb/v6-m/nofp/crti.o
                0x100002c0                _init
 *(EXCLUDE_FILE(*libm.a: *libc.a:*lib_a-mem*.o *libgcc.a:) .text*)
 .text          0x100002c4       0x48 c:/vsarm/armcc/102020~1/bin/../lib/gcc/arm-none-eabi/10.2.1/thumb/v6-m/nofp/crtbegin.o
 .text._Z7counterPv
                0x1000030c       0x44 CMakeFiles/main.dir/main.cpp.obj
                0x1000030c                counter(void*)
 .text._Z10led_1_taskPv
                0x10000350       0x2c CMakeFiles/main.dir/main.cpp.obj
                0x10000350                led_1_task(void*)
 .text._Z6ButtonPv
                0x1000037c       0xa4 CMakeFiles/main.dir/main.cpp.obj
                0x1000037c                Button(void*)
 .text._Z4oledPv
                0x10000420       0x84 CMakeFiles/main.dir/main.cpp.obj
                0x10000420                oled(void*)
 .text._Z5piezoPv
                0x100004a4       0x64 CMakeFiles/main.dir/main.cpp.obj
                0x100004a4                piezo(void*)
 .text._Z7CurrentPv
                0x10000508       0xd4 CMakeFiles/main.dir/main.cpp.obj
                0x10000508                Current(void*)
 .text._Z4TempPv
                0x100005dc       0xec CMakeFiles/main.dir/main.cpp.obj
                0x100005dc                Temp(void*)
 .text._Z7ADS1115Pv
                0x100006c8      0x254 CMakeFiles/main.dir/main.cpp.obj
                0x100006c8                ADS1115(void*)
 .text._Z41__static_initialization_and_destruction_0ii
                0x1000091c       0x40 CMakeFiles/main.dir/main.cpp.obj
 .text.main     0x1000095c      0x12c CMakeFiles/main.dir/main.cpp.obj
                0x1000095c                main
 .text._GLOBAL__sub_I_ads
                0x10000a88       0x10 CMakeFiles/main.dir/main.cpp.obj
 .text._Z41__static_initialization_and_destruction_0ii
                0x10000a98       0x40 CMakeFiles/main.dir/one_wire.cpp.obj
 .text._ZN8One_wireC2Ejjb
                0x10000ad8       0x24 CMakeFiles/main.dir/one_wire.cpp.obj
                0x10000ad8                One_wire::One_wire(unsigned int, unsigned int, bool)
                0x10000ad8                One_wire::One_wire(unsigned int, unsigned int, bool)
 .text._ZNK8One_wire22reset_check_for_deviceEv
                0x10000afc       0x52 CMakeFiles/main.dir/one_wire.cpp.obj
                0x10000afc                One_wire::reset_check_for_device() const
 .text._ZNK8One_wire15onewire_bit_outEb
                0x10000b4e       0x5a CMakeFiles/main.dir/one_wire.cpp.obj
                0x10000b4e                One_wire::onewire_bit_out(bool) const
 .text._ZN8One_wire16onewire_byte_outEh
                0x10000ba8       0x1e CMakeFiles/main.dir/one_wire.cpp.obj
                0x10000ba8                One_wire::onewire_byte_out(unsigned char)
 .text._ZNK8One_wire14onewire_bit_inEv
                0x10000bc6       0x46 CMakeFiles/main.dir/one_wire.cpp.obj
                0x10000bc6                One_wire::onewire_bit_in() const
 .text._ZN8One_wire15onewire_byte_inEv
                0x10000c0c       0x2a CMakeFiles/main.dir/one_wire.cpp.obj
                0x10000c0c                One_wire::onewire_byte_in()
 .text._ZN8One_wire9bit_writeERhib
                0x10000c36       0x20 CMakeFiles/main.dir/one_wire.cpp.obj
                0x10000c36                One_wire::bit_write(unsigned char&, int, bool)
 .text._ZN8One_wire22single_device_read_romER13rom_address_t
                0x10000c56       0x46 CMakeFiles/main.dir/one_wire.cpp.obj
                0x10000c56                One_wire::single_device_read_rom(rom_address_t&)
 .text._ZN8One_wire9match_romER13rom_address_t
                0x10000c9c       0x38 CMakeFiles/main.dir/one_wire.cpp.obj
                0x10000c9c                One_wire::match_rom(rom_address_t&)
 .text._ZN8One_wire8skip_romEv
                0x10000cd4       0x24 CMakeFiles/main.dir/one_wire.cpp.obj
                0x10000cd4                One_wire::skip_rom()
 .text._ZN8One_wire8crc_byteEhh
                0x10000cf8       0x44 CMakeFiles/main.dir/one_wire.cpp.obj
                0x10000cf8                One_wire::crc_byte(unsigned char, unsigned char)
 .text._ZN8One_wire18ram_checksum_errorEv
                0x10000d3c       0x24 CMakeFiles/main.dir/one_wire.cpp.obj
                0x10000d3c                One_wire::ram_checksum_error()
 .text._ZN8One_wire19convert_temperatureER13rom_address_tbb
                0x10000d60       0xdc CMakeFiles/main.dir/one_wire.cpp.obj
                0x10000d60                One_wire::convert_temperature(rom_address_t&, bool, bool)
 .text._ZN8One_wire16read_scratch_padER13rom_address_t
                0x10000e3c       0x26 CMakeFiles/main.dir/one_wire.cpp.obj
                0x10000e3c                One_wire::read_scratch_pad(rom_address_t&)
 *fill*         0x10000e62        0x2 
 .text._ZN8One_wire11temperatureER13rom_address_tb
                0x10000e64       0xdc CMakeFiles/main.dir/one_wire.cpp.obj
                0x10000e64                One_wire::temperature(rom_address_t&, bool)
 .text._ZN8One_wire22power_supply_availableER13rom_address_tb
                0x10000f40       0x22 CMakeFiles/main.dir/one_wire.cpp.obj
                0x10000f40                One_wire::power_supply_available(rom_address_t&, bool)
 .text._ZN8One_wire4initEv
                0x10000f62       0x4a CMakeFiles/main.dir/one_wire.cpp.obj
                0x10000f62                One_wire::init()
 .text._GLOBAL__sub_I_found_addresses
                0x10000fac       0x10 CMakeFiles/main.dir/one_wire.cpp.obj
 .text._ZN12PICO_ADS1015C2Ev
                0x10000fbc       0x16 CMakeFiles/main.dir/ads1x15.cpp.obj
                0x10000fbc                PICO_ADS1015::PICO_ADS1015()
                0x10000fbc                PICO_ADS1015::PICO_ADS1015()
 *fill*         0x10000fd2        0x2 
 .text._ZN12PICO_ADS1X159beginADSXE16ADSXAddressI2C_eP8i2c_instthh
                0x10000fd4       0xcc CMakeFiles/main.dir/ads1x15.cpp.obj
                0x10000fd4                PICO_ADS1X15::beginADSX(ADSXAddressI2C_e, i2c_inst*, unsigned short, unsigned char, unsigned char)
 .text._ZN12PICO_ADS1X157setGainE10ADSXGain_e
                0x100010a0        0x4 CMakeFiles/main.dir/ads1x15.cpp.obj
                0x100010a0                PICO_ADS1X15::setGain(ADSXGain_e)
 .text._ZN12PICO_ADS1X1513writeRegisterEht
                0x100010a4       0x88 CMakeFiles/main.dir/ads1x15.cpp.obj
                0x100010a4                PICO_ADS1X15::writeRegister(unsigned char, unsigned short)
 .text._ZN12PICO_ADS1X1515startADCReadingE15ADSXRegConfig_e16ADSXConfigMode_e
                0x1000112c       0x44 CMakeFiles/main.dir/ads1x15.cpp.obj
                0x1000112c                PICO_ADS1X15::startADCReading(ADSXRegConfig_e, ADSXConfigMode_e)
 .text._ZN12PICO_ADS1X1512readRegisterEh
                0x10001170       0xec CMakeFiles/main.dir/ads1x15.cpp.obj
                0x10001170                PICO_ADS1X15::readRegister(unsigned char)
 .text._ZN12PICO_ADS1X1524getLastConversionResultsEv
                0x1000125c       0x30 CMakeFiles/main.dir/ads1x15.cpp.obj
                0x1000125c                PICO_ADS1X15::getLastConversionResults()
 .text._ZN12PICO_ADS1X1518conversionCompleteEv
                0x1000128c        0xe CMakeFiles/main.dir/ads1x15.cpp.obj
                0x1000128c                PICO_ADS1X15::conversionComplete()
 .text._ZN12PICO_ADS1X1519readADC_SingleEndedE11ADSX_AINX_e
                0x1000129a       0x5e CMakeFiles/main.dir/ads1x15.cpp.obj
                0x1000129a                PICO_ADS1X15::readADC_SingleEnded(ADSX_AINX_e)
 .text._ZN7SSD1306C2Ehhhb
                0x100012f8       0x1a CMakeFiles/main.dir/ssd1306.cpp.obj
                0x100012f8                SSD1306::SSD1306(unsigned char, unsigned char, unsigned char, bool)
                0x100012f8                SSD1306::SSD1306(unsigned char, unsigned char, unsigned char, bool)
 *fill*         0x10001312        0x2 
 .text._ZN7SSD13068init_i2cEP8i2c_insthh
                0x10001314       0x40 CMakeFiles/main.dir/ssd1306.cpp.obj
                0x10001314                SSD1306::init_i2c(i2c_inst*, unsigned char, unsigned char)
 .text._ZN7SSD13064sendEhh
                0x10001354       0x1e CMakeFiles/main.dir/ssd1306.cpp.obj
                0x10001354                SSD1306::send(unsigned char, unsigned char)
 .text._ZN7SSD13069write_cmdEh
                0x10001372        0xc CMakeFiles/main.dir/ssd1306.cpp.obj
                0x10001372                SSD1306::write_cmd(unsigned char)
 *fill*         0x1000137e        0x2 
 .text._ZN7SSD13068fill_scrEh
                0x10001380       0x10 CMakeFiles/main.dir/ssd1306.cpp.obj
                0x10001380                SSD1306::fill_scr(unsigned char)
 .text._ZN7SSD13068show_scrEv
                0x10001390       0x6a CMakeFiles/main.dir/ssd1306.cpp.obj
                0x10001390                SSD1306::show_scr()
 .text._ZN7SSD130612init_displayEv
                0x100013fa       0xa4 CMakeFiles/main.dir/ssd1306.cpp.obj
                0x100013fa                SSD1306::init_display()
 .text._ZN7SSD13067displayEv
                0x1000149e        0x8 CMakeFiles/main.dir/ssd1306.cpp.obj
                0x1000149e                SSD1306::display()
 .text._ZN7SSD130610draw_pixelEssi
                0x100014a6       0x60 CMakeFiles/main.dir/ssd1306.cpp.obj
                0x100014a6                SSD1306::draw_pixel(short, short, int)
 *fill*         0x10001506        0x2 
 .text._ZN7SSD130614draw_letter_atEhhc
                0x10001508       0xe8 CMakeFiles/main.dir/ssd1306.cpp.obj
                0x10001508                SSD1306::draw_letter_at(unsigned char, unsigned char, char)
 .text._ZN7SSD13069setCursorEhh
                0x100015f0        0x6 CMakeFiles/main.dir/ssd1306.cpp.obj
                0x100015f0                SSD1306::setCursor(unsigned char, unsigned char)
 .text._ZN7SSD130613SSD1306_printEPKc
                0x100015f6       0x32 CMakeFiles/main.dir/ssd1306.cpp.obj
                0x100015f6                SSD1306::SSD1306_print(char const*)
 .text._ZN7SSD13065printEPc
                0x10001628       0x1e CMakeFiles/main.dir/ssd1306.cpp.obj
                0x10001628                SSD1306::print(char*)
 *fill*         0x10001646        0x2 
 .text.gpio_set_function
                0x10001648       0x30 CMakeFiles/main.dir/C_/VSARM/sdk/pico/pico-sdk/src/rp2_common/hardware_gpio/gpio.c.obj
                0x10001648                gpio_set_function
 .text.gpio_set_pulls
                0x10001678       0x34 CMakeFiles/main.dir/C_/VSARM/sdk/pico/pico-sdk/src/rp2_common/hardware_gpio/gpio.c.obj
                0x10001678                gpio_set_pulls
 .text.gpio_set_input_enabled
                0x100016ac       0x30 CMakeFiles/main.dir/C_/VSARM/sdk/pico/pico-sdk/src/rp2_common/hardware_gpio/gpio.c.obj
                0x100016ac                gpio_set_input_enabled
 .text.gpio_init
                0x100016dc       0x16 CMakeFiles/main.dir/C_/VSARM/sdk/pico/pico-sdk/src/rp2_common/hardware_gpio/gpio.c.obj
                0x100016dc                gpio_init
 *fill*         0x100016f2        0x2 
 .text.hw_claim_lock
                0x100016f4       0x18 CMakeFiles/main.dir/C_/VSARM/sdk/pico/pico-sdk/src/rp2_common/hardware_claim/claim.c.obj
                0x100016f4                hw_claim_lock
 .text.hw_claim_unlock
                0x1000170c       0x14 CMakeFiles/main.dir/C_/VSARM/sdk/pico/pico-sdk/src/rp2_common/hardware_claim/claim.c.obj
                0x1000170c                hw_claim_unlock
 .text.hw_claim_or_assert
                0x10001720       0x32 CMakeFiles/main.dir/C_/VSARM/sdk/pico/pico-sdk/src/rp2_common/hardware_claim/claim.c.obj
                0x10001720                hw_claim_or_assert
 .text.hw_claim_unused_from_range
                0x10001752       0x50 CMakeFiles/main.dir/C_/VSARM/sdk/pico/pico-sdk/src/rp2_common/hardware_claim/claim.c.obj
                0x10001752                hw_claim_unused_from_range
 *fill*         0x100017a2        0x2 
 .text.running_on_fpga
                0x100017a4       0x14 CMakeFiles/main.dir/C_/VSARM/sdk/pico/pico-sdk/src/rp2_common/pico_platform/platform.c.obj
                0x100017a4                running_on_fpga
 .text.spin_locks_reset
                0x100017b8       0x20 CMakeFiles/main.dir/C_/VSARM/sdk/pico/pico-sdk/src/rp2_common/hardware_sync/sync.c.obj
                0x100017b8                spin_locks_reset
 .text.next_striped_spin_lock_num
                0x100017d8       0x1c CMakeFiles/main.dir/C_/VSARM/sdk/pico/pico-sdk/src/rp2_common/hardware_sync/sync.c.obj
                0x100017d8                next_striped_spin_lock_num
 .text.spin_lock_claim_unused
                0x100017f4       0x20 CMakeFiles/main.dir/C_/VSARM/sdk/pico/pico-sdk/src/rp2_common/hardware_sync/sync.c.obj
                0x100017f4                spin_lock_claim_unused
 .text.set_raw_irq_handler_and_unlock
                0x10001814       0x28 CMakeFiles/main.dir/C_/VSARM/sdk/pico/pico-sdk/src/rp2_common/hardware_irq/irq.c.obj
 .text.make_branch
                0x1000183c       0x48 CMakeFiles/main.dir/C_/VSARM/sdk/pico/pico-sdk/src/rp2_common/hardware_irq/irq.c.obj
 .text.insert_branch_and_link
                0x10001884       0x40 CMakeFiles/main.dir/C_/VSARM/sdk/pico/pico-sdk/src/rp2_common/hardware_irq/irq.c.obj
 .text.irq_is_enabled
                0x100018c4       0x18 CMakeFiles/main.dir/C_/VSARM/sdk/pico/pico-sdk/src/rp2_common/hardware_irq/irq.c.obj
                0x100018c4                irq_is_enabled
 .text.irq_set_mask_enabled
                0x100018dc       0x20 CMakeFiles/main.dir/C_/VSARM/sdk/pico/pico-sdk/src/rp2_common/hardware_irq/irq.c.obj
                0x100018dc                irq_set_mask_enabled
 .text.irq_set_enabled
                0x100018fc        0xe CMakeFiles/main.dir/C_/VSARM/sdk/pico/pico-sdk/src/rp2_common/hardware_irq/irq.c.obj
                0x100018fc                irq_set_enabled
 *fill*         0x1000190a        0x2 
 .text.irq_set_pending
                0x1000190c       0x10 CMakeFiles/main.dir/C_/VSARM/sdk/pico/pico-sdk/src/rp2_common/hardware_irq/irq.c.obj
                0x1000190c                irq_set_pending
 .text.irq_get_vtable_handler
                0x1000191c       0x10 CMakeFiles/main.dir/C_/VSARM/sdk/pico/pico-sdk/src/rp2_common/hardware_irq/irq.c.obj
                0x1000191c                irq_get_vtable_handler
 .text.irq_has_shared_handler
                0x1000192c       0x24 CMakeFiles/main.dir/C_/VSARM/sdk/pico/pico-sdk/src/rp2_common/hardware_irq/irq.c.obj
                0x1000192c                irq_has_shared_handler
 .text.irq_set_exclusive_handler
                0x10001950       0x54 CMakeFiles/main.dir/C_/VSARM/sdk/pico/pico-sdk/src/rp2_common/hardware_irq/irq.c.obj
                0x10001950                irq_set_exclusive_handler
 .text.irq_add_shared_handler
                0x100019a4      0x230 CMakeFiles/main.dir/C_/VSARM/sdk/pico/pico-sdk/src/rp2_common/hardware_irq/irq.c.obj
                0x100019a4                irq_add_shared_handler
 .text.irq_remove_handler
                0x10001bd4      0x1a8 CMakeFiles/main.dir/C_/VSARM/sdk/pico/pico-sdk/src/rp2_common/hardware_irq/irq.c.obj
                0x10001bd4                irq_remove_handler
 .text.irq_add_tail_to_free_list
                0x10001d7c       0xf0 CMakeFiles/main.dir/C_/VSARM/sdk/pico/pico-sdk/src/rp2_common/hardware_irq/irq.c.obj
                0x10001d7c                irq_add_tail_to_free_list
 .text.irq_init_priorities
                0x10001e6c       0x1c CMakeFiles/main.dir/C_/VSARM/sdk/pico/pico-sdk/src/rp2_common/hardware_irq/irq.c.obj
                0x10001e6c                irq_init_priorities
 .text.user_irq_claim_unused
                0x10001e88       0x30 CMakeFiles/main.dir/C_/VSARM/sdk/pico/pico-sdk/src/rp2_common/hardware_irq/irq.c.obj
                0x10001e88                user_irq_claim_unused
 .text.lock_init
                0x10001eb8       0x10 CMakeFiles/main.dir/C_/VSARM/sdk/pico/pico-sdk/src/common/pico_sync/lock_core.c.obj
                0x10001eb8                lock_init
 .text.alarm_pool_post_alloc_init
                0x10001ec8       0x40 CMakeFiles/main.dir/C_/VSARM/sdk/pico/pico-sdk/src/common/pico_time/time.c.obj
 .text.sleep_until_callback
                0x10001f08       0x30 CMakeFiles/main.dir/C_/VSARM/sdk/pico/pico-sdk/src/common/pico_time/time.c.obj
 .text.timer_pool_entry_comparator
                0x10001f38       0x7c CMakeFiles/main.dir/C_/VSARM/sdk/pico/pico-sdk/src/common/pico_time/time.c.obj
                0x10001f38                timer_pool_entry_comparator
 .text.ph_add_child_node
                0x10001fb4       0xa4 CMakeFiles/main.dir/C_/VSARM/sdk/pico/pico-sdk/src/common/pico_time/time.c.obj
 .text.ph_merge_nodes
                0x10002058       0x3e CMakeFiles/main.dir/C_/VSARM/sdk/pico/pico-sdk/src/common/pico_time/time.c.obj
 *fill*         0x10002096        0x2 
 .text.add_alarm_under_lock
                0x10002098      0x174 CMakeFiles/main.dir/C_/VSARM/sdk/pico/pico-sdk/src/common/pico_time/time.c.obj
 .text.alarm_pool_alarm_callback
                0x1000220c      0x328 CMakeFiles/main.dir/C_/VSARM/sdk/pico/pico-sdk/src/common/pico_time/time.c.obj
 .text.alarm_pool_init_default
                0x10002534       0x38 CMakeFiles/main.dir/C_/VSARM/sdk/pico/pico-sdk/src/common/pico_time/time.c.obj
                0x10002534                alarm_pool_init_default
 .text.alarm_pool_get_default
                0x1000256c       0x2c CMakeFiles/main.dir/C_/VSARM/sdk/pico/pico-sdk/src/common/pico_time/time.c.obj
                0x1000256c                alarm_pool_get_default
 .text.alarm_pool_add_alarm_at
                0x10002598      0x170 CMakeFiles/main.dir/C_/VSARM/sdk/pico/pico-sdk/src/common/pico_time/time.c.obj
                0x10002598                alarm_pool_add_alarm_at
 .text.alarm_pool_cancel_alarm
                0x10002708       0xf0 CMakeFiles/main.dir/C_/VSARM/sdk/pico/pico-sdk/src/common/pico_time/time.c.obj
                0x10002708                alarm_pool_cancel_alarm
 .text.sleep_until
                0x100027f8       0xfc CMakeFiles/main.dir/C_/VSARM/sdk/pico/pico-sdk/src/common/pico_time/time.c.obj
                0x100027f8                sleep_until
 .text.sleep_us
                0x100028f4       0x58 CMakeFiles/main.dir/C_/VSARM/sdk/pico/pico-sdk/src/common/pico_time/time.c.obj
                0x100028f4                sleep_us
 .text.sleep_ms
                0x1000294c       0x14 CMakeFiles/main.dir/C_/VSARM/sdk/pico/pico-sdk/src/common/pico_time/time.c.obj
                0x1000294c                sleep_ms
 .text.best_effort_wfe_or_timeout
                0x10002960       0x80 CMakeFiles/main.dir/C_/VSARM/sdk/pico/pico-sdk/src/common/pico_time/time.c.obj
                0x10002960                best_effort_wfe_or_timeout
 .text.check_single_timeout_us
                0x100029e0       0x2c CMakeFiles/main.dir/C_/VSARM/sdk/pico/pico-sdk/src/common/pico_time/timeout_helper.c.obj
 .text.init_single_timeout_until
                0x10002a0c        0xc CMakeFiles/main.dir/C_/VSARM/sdk/pico/pico-sdk/src/common/pico_time/timeout_helper.c.obj
                0x10002a0c                init_single_timeout_until
 .text.hardware_alarm_irq_handler
                0x10002a18       0x8c CMakeFiles/main.dir/C_/VSARM/sdk/pico/pico-sdk/src/rp2_common/hardware_timer/timer.c.obj
 .text.hardware_alarm_claim
                0x10002aa4       0x18 CMakeFiles/main.dir/C_/VSARM/sdk/pico/pico-sdk/src/rp2_common/hardware_timer/timer.c.obj
                0x10002aa4                hardware_alarm_claim
 .text.time_us_64
                0x10002abc       0x18 CMakeFiles/main.dir/C_/VSARM/sdk/pico/pico-sdk/src/rp2_common/hardware_timer/timer.c.obj
                0x10002abc                time_us_64
 .text.busy_wait_until
                0x10002ad4       0x28 CMakeFiles/main.dir/C_/VSARM/sdk/pico/pico-sdk/src/rp2_common/hardware_timer/timer.c.obj
                0x10002ad4                busy_wait_until
 .text.hardware_alarm_set_callback
                0x10002afc       0x90 CMakeFiles/main.dir/C_/VSARM/sdk/pico/pico-sdk/src/rp2_common/hardware_timer/timer.c.obj
                0x10002afc                hardware_alarm_set_callback
 .text.hardware_alarm_set_target
                0x10002b8c       0xe8 CMakeFiles/main.dir/C_/VSARM/sdk/pico/pico-sdk/src/rp2_common/hardware_timer/timer.c.obj
                0x10002b8c                hardware_alarm_set_target
 .text.hardware_alarm_cancel
                0x10002c74       0x40 CMakeFiles/main.dir/C_/VSARM/sdk/pico/pico-sdk/src/rp2_common/hardware_timer/timer.c.obj
                0x10002c74                hardware_alarm_cancel
 .text.ph_add_child_node
                0x10002cb4       0xa4 CMakeFiles/main.dir/C_/VSARM/sdk/pico/pico-sdk/src/common/pico_util/pheap.c.obj
 .text.ph_merge_nodes
                0x10002d58       0x3e CMakeFiles/main.dir/C_/VSARM/sdk/pico/pico-sdk/src/common/pico_util/pheap.c.obj
 *fill*         0x10002d96        0x2 
 .text.ph_clear
                0x10002d98       0x70 CMakeFiles/main.dir/C_/VSARM/sdk/pico/pico-sdk/src/common/pico_util/pheap.c.obj
                0x10002d98                ph_clear
 .text.ph_post_alloc_init
                0x10002e08        0xe CMakeFiles/main.dir/C_/VSARM/sdk/pico/pico-sdk/src/common/pico_util/pheap.c.obj
                0x10002e08                ph_post_alloc_init
 *fill*         0x10002e16        0x2 
 .text.ph_merge_two_pass
                0x10002e18       0xa8 CMakeFiles/main.dir/C_/VSARM/sdk/pico/pico-sdk/src/common/pico_util/pheap.c.obj
                0x10002e18                ph_merge_two_pass
 .text.ph_remove_any_head
                0x10002ec0      0x108 CMakeFiles/main.dir/C_/VSARM/sdk/pico/pico-sdk/src/common/pico_util/pheap.c.obj
 .text.ph_remove_head
                0x10002fc8       0x14 CMakeFiles/main.dir/C_/VSARM/sdk/pico/pico-sdk/src/common/pico_util/pheap.c.obj
                0x10002fc8                ph_remove_head
 .text.ph_remove_and_free_node
                0x10002fdc       0xf8 CMakeFiles/main.dir/C_/VSARM/sdk/pico/pico-sdk/src/common/pico_util/pheap.c.obj
                0x10002fdc                ph_remove_and_free_node
 .text.mutex_init
                0x100030d4       0x1a CMakeFiles/main.dir/C_/VSARM/sdk/pico/pico-sdk/src/common/pico_sync/mutex.c.obj
                0x100030d4                mutex_init
 .text.recursive_mutex_init
                0x100030ee       0x1e CMakeFiles/main.dir/C_/VSARM/sdk/pico/pico-sdk/src/common/pico_sync/mutex.c.obj
                0x100030ee                recursive_mutex_init
 .text.critical_section_init_with_lock_num
                0x1000310c       0x14 CMakeFiles/main.dir/C_/VSARM/sdk/pico/pico-sdk/src/common/pico_sync/critical_section.c.obj
                0x1000310c                critical_section_init_with_lock_num
 .text.critical_section_init
                0x10003120       0x14 CMakeFiles/main.dir/C_/VSARM/sdk/pico/pico-sdk/src/common/pico_sync/critical_section.c.obj
                0x10003120                critical_section_init
 .text.uart_set_baudrate
                0x10003134       0x5c CMakeFiles/main.dir/C_/VSARM/sdk/pico/pico-sdk/src/rp2_common/hardware_uart/uart.c.obj
                0x10003134                uart_set_baudrate
 .text.uart_set_translate_crlf
                0x10003190       0x28 CMakeFiles/main.dir/C_/VSARM/sdk/pico/pico-sdk/src/rp2_common/hardware_uart/uart.c.obj
                0x10003190                uart_set_translate_crlf
 .text.uart_init
                0x100031b8       0x80 CMakeFiles/main.dir/C_/VSARM/sdk/pico/pico-sdk/src/rp2_common/hardware_uart/uart.c.obj
                0x100031b8                uart_init
 .text._exit    0x10003238        0x4 CMakeFiles/main.dir/C_/VSARM/sdk/pico/pico-sdk/src/rp2_common/pico_runtime/runtime.c.obj
                0x10003238                _exit
 .text._sbrk    0x1000323c       0x38 CMakeFiles/main.dir/C_/VSARM/sdk/pico/pico-sdk/src/rp2_common/pico_runtime/runtime.c.obj
                0x1000323c                _sbrk
 .text.exit     0x10003274        0x6 CMakeFiles/main.dir/C_/VSARM/sdk/pico/pico-sdk/src/rp2_common/pico_runtime/runtime.c.obj
                0x10003274                exit
 *fill*         0x1000327a        0x2 
 .text.__assert_func
                0x1000327c       0x3c CMakeFiles/main.dir/C_/VSARM/sdk/pico/pico-sdk/src/rp2_common/pico_runtime/runtime.c.obj
                0x1000327c                __assert_func
 .text.runtime_init
                0x100032b8       0xf8 CMakeFiles/main.dir/C_/VSARM/sdk/pico/pico-sdk/src/rp2_common/pico_runtime/runtime.c.obj
                0x100032b8                runtime_init
 .text.panic    0x100033b0       0x30 CMakeFiles/main.dir/C_/VSARM/sdk/pico/pico-sdk/src/rp2_common/pico_runtime/runtime.c.obj
                0x100033b0                panic
 .text.clock_configure
                0x100033e0      0x104 CMakeFiles/main.dir/C_/VSARM/sdk/pico/pico-sdk/src/rp2_common/hardware_clocks/clocks.c.obj
                0x100033e0                clock_configure
 .text.clocks_init
                0x100034e4      0x100 CMakeFiles/main.dir/C_/VSARM/sdk/pico/pico-sdk/src/rp2_common/hardware_clocks/clocks.c.obj
                0x100034e4                clocks_init
 .text.clock_get_hz
                0x100035e4        0xc CMakeFiles/main.dir/C_/VSARM/sdk/pico/pico-sdk/src/rp2_common/hardware_clocks/clocks.c.obj
                0x100035e4                clock_get_hz
 .text.pll_init
                0x100035f0      0x140 CMakeFiles/main.dir/C_/VSARM/sdk/pico/pico-sdk/src/rp2_common/hardware_pll/pll.c.obj
                0x100035f0                pll_init
 .text.watchdog_start_tick
                0x10003730       0x10 CMakeFiles/main.dir/C_/VSARM/sdk/pico/pico-sdk/src/rp2_common/hardware_watchdog/watchdog.c.obj
                0x10003730                watchdog_start_tick
 .text.watchdog_update
                0x10003740       0x14 CMakeFiles/main.dir/C_/VSARM/sdk/pico/pico-sdk/src/rp2_common/hardware_watchdog/watchdog.c.obj
                0x10003740                watchdog_update
 .text._watchdog_enable
                0x10003754       0x78 CMakeFiles/main.dir/C_/VSARM/sdk/pico/pico-sdk/src/rp2_common/hardware_watchdog/watchdog.c.obj
                0x10003754                _watchdog_enable
 .text.watchdog_reboot
                0x100037cc       0x48 CMakeFiles/main.dir/C_/VSARM/sdk/pico/pico-sdk/src/rp2_common/hardware_watchdog/watchdog.c.obj
                0x100037cc                watchdog_reboot
 .text.xosc_init
                0x10003814       0x28 CMakeFiles/main.dir/C_/VSARM/sdk/pico/pico-sdk/src/rp2_common/hardware_xosc/xosc.c.obj
                0x10003814                xosc_init
 .text._out_buffer
                0x1000383c        0x8 CMakeFiles/main.dir/C_/VSARM/sdk/pico/pico-sdk/src/rp2_common/pico_printf/printf.c.obj
 .text._out_null
                0x10003844        0x2 CMakeFiles/main.dir/C_/VSARM/sdk/pico/pico-sdk/src/rp2_common/pico_printf/printf.c.obj
 .text._out_fct
                0x10003846        0xe CMakeFiles/main.dir/C_/VSARM/sdk/pico/pico-sdk/src/rp2_common/pico_printf/printf.c.obj
 .text._atoi    0x10003854       0x24 CMakeFiles/main.dir/C_/VSARM/sdk/pico/pico-sdk/src/rp2_common/pico_printf/printf.c.obj
 .text._out_rev
                0x10003878       0xae CMakeFiles/main.dir/C_/VSARM/sdk/pico/pico-sdk/src/rp2_common/pico_printf/printf.c.obj
 .text._ntoa_format
                0x10003926      0x112 CMakeFiles/main.dir/C_/VSARM/sdk/pico/pico-sdk/src/rp2_common/pico_printf/printf.c.obj
 .text._ntoa_long
                0x10003a38       0xbc CMakeFiles/main.dir/C_/VSARM/sdk/pico/pico-sdk/src/rp2_common/pico_printf/printf.c.obj
 .text._ntoa_long_long
                0x10003af4       0xe2 CMakeFiles/main.dir/C_/VSARM/sdk/pico/pico-sdk/src/rp2_common/pico_printf/printf.c.obj
 *fill*         0x10003bd6        0x2 
 .text._etoa    0x10003bd8      0x414 CMakeFiles/main.dir/C_/VSARM/sdk/pico/pico-sdk/src/rp2_common/pico_printf/printf.c.obj
 .text._ftoa    0x10003fec      0x354 CMakeFiles/main.dir/C_/VSARM/sdk/pico/pico-sdk/src/rp2_common/pico_printf/printf.c.obj
 .text._vsnprintf
                0x10004340      0x624 CMakeFiles/main.dir/C_/VSARM/sdk/pico/pico-sdk/src/rp2_common/pico_printf/printf.c.obj
 .text.__wrap_sprintf
                0x10004964       0x28 CMakeFiles/main.dir/C_/VSARM/sdk/pico/pico-sdk/src/rp2_common/pico_printf/printf.c.obj
                0x10004964                __wrap_sprintf
 .text.vfctprintf
                0x1000498c       0x20 CMakeFiles/main.dir/C_/VSARM/sdk/pico/pico-sdk/src/rp2_common/pico_printf/printf.c.obj
                0x1000498c                vfctprintf
 .text          0x100049ac       0x10 CMakeFiles/main.dir/C_/VSARM/sdk/pico/pico-sdk/src/rp2_common/pico_bit_ops/bit_ops_aeabi.S.obj
 .text.rom_func_lookup
                0x100049bc       0x10 CMakeFiles/main.dir/C_/VSARM/sdk/pico/pico-sdk/src/rp2_common/pico_bootrom/bootrom.c.obj
                0x100049bc                rom_func_lookup
 .text.rom_data_lookup
                0x100049cc       0x10 CMakeFiles/main.dir/C_/VSARM/sdk/pico/pico-sdk/src/rp2_common/pico_bootrom/bootrom.c.obj
                0x100049cc                rom_data_lookup
 .text.rom_funcs_lookup
                0x100049dc       0x36 CMakeFiles/main.dir/C_/VSARM/sdk/pico/pico-sdk/src/rp2_common/pico_bootrom/bootrom.c.obj
                0x100049dc                rom_funcs_lookup
 *fill*         0x10004a12        0x2 
 .text.__wrap___aeabi_idiv
                0x10004a14       0x50 CMakeFiles/main.dir/C_/VSARM/sdk/pico/pico-sdk/src/rp2_common/pico_divider/divider.S.obj
                0x10004a14                __wrap___aeabi_idivmod
                0x10004a14                divmod_s32s32
                0x10004a14                div_s32s32
                0x10004a14                __wrap___aeabi_idiv
                0x10004a1c                divmod_s32s32_unsafe
                0x10004a48                divmod_s32s32_savestate
 .text.__wrap___aeabi_uidiv
                0x10004a64       0x4c CMakeFiles/main.dir/C_/VSARM/sdk/pico/pico-sdk/src/rp2_common/pico_divider/divider.S.obj
                0x10004a64                __wrap___aeabi_uidiv
                0x10004a64                __wrap___aeabi_uidivmod
                0x10004a64                div_u32u32
                0x10004a64                divmod_u32u32
                0x10004a6c                divmod_u32u32_unsafe
                0x10004a94                divmod_u32u32_savestate
 .text.__wrap___aeabi_ldiv
                0x10004ab0      0x434 CMakeFiles/main.dir/C_/VSARM/sdk/pico/pico-sdk/src/rp2_common/pico_divider/divider.S.obj
                0x10004ab0                div_s64s64
                0x10004ab0                divmod_s64s64
                0x10004ab0                __wrap___aeabi_ldivmod
                0x10004ae8                divmod_u64u64
                0x10004ae8                div_u64u64
                0x10004ae8                __wrap___aeabi_uldivmod
                0x10004af8                divmod_u64u64_savestate
                0x10004b20                divmod_s64s64_unsafe
                0x10004ba8                divmod_u64u64_unsafe
 .text.__wrap___aeabi_darithmetic
                0x10004ee4       0x80 CMakeFiles/main.dir/C_/VSARM/sdk/pico/pico-sdk/src/rp2_common/pico_double/double_aeabi.S.obj
                0x10004ee4                __wrap___aeabi_drsub
                0x10004eea                __wrap___aeabi_dsub
                0x10004efc                __wrap___aeabi_dadd
                0x10004f0e                __wrap___aeabi_ddiv
                0x10004f4a                __wrap___aeabi_dmul
 .text.__wrap___aeabi_cdcmple
                0x10004f64       0x6c CMakeFiles/main.dir/C_/VSARM/sdk/pico/pico-sdk/src/rp2_common/pico_double/double_aeabi.S.obj
                0x10004f64                __wrap___aeabi_cdrcmple
                0x10004f74                __wrap___aeabi_cdcmpeq
                0x10004f74                __wrap___aeabi_cdcmple
 .text.__wrap___aeabi_dcmplt
                0x10004fd0        0xc CMakeFiles/main.dir/C_/VSARM/sdk/pico/pico-sdk/src/rp2_common/pico_double/double_aeabi.S.obj
                0x10004fd0                __wrap___aeabi_dcmplt
 .text.__wrap___aeabi_dcmple
                0x10004fdc       0x10 CMakeFiles/main.dir/C_/VSARM/sdk/pico/pico-sdk/src/rp2_common/pico_double/double_aeabi.S.obj
                0x10004fdc                __wrap___aeabi_dcmple
 .text.__wrap___aeabi_dcmpge
                0x10004fec       0x10 CMakeFiles/main.dir/C_/VSARM/sdk/pico/pico-sdk/src/rp2_common/pico_double/double_aeabi.S.obj
                0x10004fec                __wrap___aeabi_dcmpge
 .text.__wrap___aeabi_dcmpgt
                0x10004ffc        0xa CMakeFiles/main.dir/C_/VSARM/sdk/pico/pico-sdk/src/rp2_common/pico_double/double_aeabi.S.obj
                0x10004ffc                __wrap___aeabi_dcmpgt
 .text.__wrap___aeabi_dcmpun
                0x10005006       0x1c CMakeFiles/main.dir/C_/VSARM/sdk/pico/pico-sdk/src/rp2_common/pico_double/double_aeabi.S.obj
                0x10005006                __wrap___aeabi_dcmpun
 *fill*         0x10005022        0x2 
 .text.__wrap___aeabi_i2d
                0x10005024       0x38 CMakeFiles/main.dir/C_/VSARM/sdk/pico/pico-sdk/src/rp2_common/pico_double/double_aeabi.S.obj
                0x10005024                __wrap___aeabi_ui2d
                0x1000502c                __wrap___aeabi_i2d
 .text.__wrap___aeabi_d2iz
                0x1000505c       0x48 CMakeFiles/main.dir/C_/VSARM/sdk/pico/pico-sdk/src/rp2_common/pico_double/double_aeabi.S.obj
                0x1000505c                double2int_z
                0x1000505c                __wrap___aeabi_d2iz
 .text.__wrap___aeabi_d2uiz
                0x100050a4       0x18 CMakeFiles/main.dir/C_/VSARM/sdk/pico/pico-sdk/src/rp2_common/pico_double/double_aeabi.S.obj
                0x100050a4                __wrap___aeabi_d2uiz
                0x100050a4                double2uint
 .text.__wrap___aeabi_d2f
                0x100050bc       0x18 CMakeFiles/main.dir/C_/VSARM/sdk/pico/pico-sdk/src/rp2_common/pico_double/double_aeabi.S.obj
                0x100050bc                __wrap___aeabi_d2f
 .text.__aeabi_double_init
                0x100050d4       0xc8 CMakeFiles/main.dir/C_/VSARM/sdk/pico/pico-sdk/src/rp2_common/pico_double/double_init_rom.c.obj
                0x100050d4                __aeabi_double_init
 .text.double_table_shim_on_use_helper
                0x1000519c       0x34 CMakeFiles/main.dir/C_/VSARM/sdk/pico/pico-sdk/src/rp2_common/pico_double/double_v1_rom_shim.S.obj
                0x1000519c                double_table_shim_on_use_helper
 .text.__wrap___aeabi_dsub
                0x100051d0       0x10 CMakeFiles/main.dir/C_/VSARM/sdk/pico/pico-sdk/src/rp2_common/pico_double/double_v1_rom_shim.S.obj
                0x100051d0                drsub_shim
                0x100051d6                dsub_shim
 .text.dadd_shim
                0x100051e0      0x15c CMakeFiles/main.dir/C_/VSARM/sdk/pico/pico-sdk/src/rp2_common/pico_double/double_v1_rom_shim.S.obj
                0x100051e0                dadd_shim
 .text.dmul_shim
                0x1000533c      0x15c CMakeFiles/main.dir/C_/VSARM/sdk/pico/pico-sdk/src/rp2_common/pico_double/double_v1_rom_shim.S.obj
                0x1000533c                dmul_shim
 .text.ddiv_shim
                0x10005498      0x1b0 CMakeFiles/main.dir/C_/VSARM/sdk/pico/pico-sdk/src/rp2_common/pico_double/double_v1_rom_shim.S.obj
                0x10005498                ddiv_shim
 .text.double2uint_shim
                0x10005648        0xe CMakeFiles/main.dir/C_/VSARM/sdk/pico/pico-sdk/src/rp2_common/pico_double/double_v1_rom_shim.S.obj
                0x10005648                double2uint_shim
                0x1000564a                double2ufix_shim
 *fill*         0x10005656        0x2 
 .text.double2uint64_shim
                0x10005658       0x70 CMakeFiles/main.dir/C_/VSARM/sdk/pico/pico-sdk/src/rp2_common/pico_double/double_v1_rom_shim.S.obj
                0x10005658                double2uint64_shim
                0x1000565a                double2ufix64_shim
                0x1000567a                d2fix_a
 .text.double2float_shim
                0x100056c8       0x5c CMakeFiles/main.dir/C_/VSARM/sdk/pico/pico-sdk/src/rp2_common/pico_double/double_v1_rom_shim.S.obj
                0x100056c8                double2float_shim
 .text.dunpacks
                0x10005724       0x3c CMakeFiles/main.dir/C_/VSARM/sdk/pico/pico-sdk/src/rp2_common/pico_double/double_v1_rom_shim.S.obj
                0x10005724                dunpacks
 .text.__aeabi_lmul
                0x10005760       0x32 CMakeFiles/main.dir/C_/VSARM/sdk/pico/pico-sdk/src/rp2_common/pico_int64_ops/pico_int64_ops_aeabi.S.obj
                0x10005760                __wrap___aeabi_lmul
 *fill*         0x10005792        0x2 
 .text.__wrap___aeabi_farithmetic
                0x10005794       0x58 CMakeFiles/main.dir/C_/VSARM/sdk/pico/pico-sdk/src/rp2_common/pico_float/float_aeabi.S.obj
                0x10005794                __wrap___aeabi_frsub
                0x1000579a                __wrap___aeabi_fsub
                0x100057a4                __wrap___aeabi_fadd
                0x100057ae                __wrap___aeabi_fdiv
                0x100057da                __wrap___aeabi_fmul
 .text.__wrap___aeabi_cfcmple
                0x100057ec       0x50 CMakeFiles/main.dir/C_/VSARM/sdk/pico/pico-sdk/src/rp2_common/pico_float/float_aeabi.S.obj
                0x100057ec                __wrap___aeabi_cfrcmple
                0x100057f8                __wrap___aeabi_cfcmple
                0x100057f8                __wrap___aeabi_cfcmpeq
 .text.__wrap___aeabi_fcmplt
                0x1000583c        0xc CMakeFiles/main.dir/C_/VSARM/sdk/pico/pico-sdk/src/rp2_common/pico_float/float_aeabi.S.obj
                0x1000583c                __wrap___aeabi_fcmplt
 .text.__wrap___aeabi_fcmpgt
                0x10005848        0xa CMakeFiles/main.dir/C_/VSARM/sdk/pico/pico-sdk/src/rp2_common/pico_float/float_aeabi.S.obj
                0x10005848                __wrap___aeabi_fcmpgt
 .text.__wrap___aeabi_ui2f
                0x10005852        0xa CMakeFiles/main.dir/C_/VSARM/sdk/pico/pico-sdk/src/rp2_common/pico_float/float_aeabi.S.obj
                0x10005852                __wrap___aeabi_ui2f
 .text.__wrap___aeabi_i2f
                0x1000585c       0x44 CMakeFiles/main.dir/C_/VSARM/sdk/pico/pico-sdk/src/rp2_common/pico_float/float_aeabi.S.obj
                0x1000585c                __wrap___aeabi_i2f
 .text.__wrap___aeabi_f2d
                0x100058a0       0x14 CMakeFiles/main.dir/C_/VSARM/sdk/pico/pico-sdk/src/rp2_common/pico_float/float_aeabi.S.obj
                0x100058a0                __wrap___aeabi_f2d
 .text.__aeabi_float_init
                0x100058b4       0xfc CMakeFiles/main.dir/C_/VSARM/sdk/pico/pico-sdk/src/rp2_common/pico_float/float_init_rom.c.obj
                0x100058b4                __aeabi_float_init
 .text.__wrap_floorf
                0x100059b0       0x44 CMakeFiles/main.dir/C_/VSARM/sdk/pico/pico-sdk/src/rp2_common/pico_float/float_math.c.obj
                0x100059b0                __wrap_floorf
 .text.float_table_shim_on_use_helper
                0x100059f4       0x34 CMakeFiles/main.dir/C_/VSARM/sdk/pico/pico-sdk/src/rp2_common/pico_float/float_v1_rom_shim.S.obj
                0x100059f4                float_table_shim_on_use_helper
 .text.float2double_shim
                0x10005a28       0x30 CMakeFiles/main.dir/C_/VSARM/sdk/pico/pico-sdk/src/rp2_common/pico_float/float_v1_rom_shim.S.obj
                0x10005a28                float2double_shim
 .text.__wrap_malloc
                0x10005a58       0x24 CMakeFiles/main.dir/C_/VSARM/sdk/pico/pico-sdk/src/rp2_common/pico_malloc/pico_malloc.c.obj
                0x10005a58                __wrap_malloc
 .text.__wrap_free
                0x10005a7c        0x8 CMakeFiles/main.dir/C_/VSARM/sdk/pico/pico-sdk/src/rp2_common/pico_malloc/pico_malloc.c.obj
                0x10005a7c                __wrap_free
 .text          0x10005a84       0x10 CMakeFiles/main.dir/C_/VSARM/sdk/pico/pico-sdk/src/rp2_common/pico_mem_ops/mem_ops_aeabi.S.obj
                0x10005a84                __aeabi_mem_init
 .text.memset   0x10005a94        0xc CMakeFiles/main.dir/C_/VSARM/sdk/pico/pico-sdk/src/rp2_common/pico_mem_ops/mem_ops_aeabi.S.obj
                0x10005a94                __wrap_memset
 .text.memcpy   0x10005aa0        0xc CMakeFiles/main.dir/C_/VSARM/sdk/pico/pico-sdk/src/rp2_common/pico_mem_ops/mem_ops_aeabi.S.obj
                0x10005aa0                __wrap_memcpy
                0x10005aa0                __wrap___aeabi_memcpy
 .text._ZdlPvj  0x10005aac        0x8 CMakeFiles/main.dir/C_/VSARM/sdk/pico/pico-sdk/src/rp2_common/pico_standard_link/new_delete.cpp.obj
                0x10005aac                operator delete(void*, unsigned int)
 .text.stdio_out_chars_no_crlf
                0x10005ab4        0xe CMakeFiles/main.dir/C_/VSARM/sdk/pico/pico-sdk/src/rp2_common/pico_stdio/stdio.c.obj
 *fill*         0x10005ac2        0x2 
 .text.stdio_out_chars_crlf
                0x10005ac4       0x80 CMakeFiles/main.dir/C_/VSARM/sdk/pico/pico-sdk/src/rp2_common/pico_stdio/stdio.c.obj
 .text.stdio_stack_buffer_flush
                0x10005b44       0x44 CMakeFiles/main.dir/C_/VSARM/sdk/pico/pico-sdk/src/rp2_common/pico_stdio/stdio.c.obj
 .text.stdio_buffered_printer
                0x10005b88       0x20 CMakeFiles/main.dir/C_/VSARM/sdk/pico/pico-sdk/src/rp2_common/pico_stdio/stdio.c.obj
 .text.stdout_serialize_begin
                0x10005ba8       0x30 CMakeFiles/main.dir/C_/VSARM/sdk/pico/pico-sdk/src/rp2_common/pico_stdio/stdio.c.obj
                0x10005ba8                stdout_serialize_begin
 .text.stdout_serialize_end
                0x10005bd8       0x10 CMakeFiles/main.dir/C_/VSARM/sdk/pico/pico-sdk/src/rp2_common/pico_stdio/stdio.c.obj
                0x10005bd8                stdout_serialize_end
 .text.stdio_put_string
                0x10005be8       0x98 CMakeFiles/main.dir/C_/VSARM/sdk/pico/pico-sdk/src/rp2_common/pico_stdio/stdio.c.obj
 .text.stdio_set_driver_enabled
                0x10005c80       0x2c CMakeFiles/main.dir/C_/VSARM/sdk/pico/pico-sdk/src/rp2_common/pico_stdio/stdio.c.obj
                0x10005c80                stdio_set_driver_enabled
 .text.stdio_flush
                0x10005cac       0x20 CMakeFiles/main.dir/C_/VSARM/sdk/pico/pico-sdk/src/rp2_common/pico_stdio/stdio.c.obj
                0x10005cac                stdio_flush
 .text.__wrap_puts
                0x10005ccc       0x1e CMakeFiles/main.dir/C_/VSARM/sdk/pico/pico-sdk/src/rp2_common/pico_stdio/stdio.c.obj
                0x10005ccc                __wrap_puts
 *fill*         0x10005cea        0x2 
 .text.__wrap_vprintf
                0x10005cec       0x44 CMakeFiles/main.dir/C_/VSARM/sdk/pico/pico-sdk/src/rp2_common/pico_stdio/stdio.c.obj
                0x10005cec                __wrap_vprintf
 .text.__wrap_printf
                0x10005d30       0x18 CMakeFiles/main.dir/C_/VSARM/sdk/pico/pico-sdk/src/rp2_common/pico_stdio/stdio.c.obj
                0x10005d30                __wrap_printf
 .text.stdio_init_all
                0x10005d48        0x8 CMakeFiles/main.dir/C_/VSARM/sdk/pico/pico-sdk/src/rp2_common/pico_stdio/stdio.c.obj
                0x10005d48                stdio_init_all
 .text.resetd_init
                0x10005d50        0x2 CMakeFiles/main.dir/C_/VSARM/sdk/pico/pico-sdk/src/rp2_common/pico_stdio_usb/reset_interface.c.obj
 *fill*         0x10005d52        0x2 
 .text.resetd_reset
                0x10005d54        0xc CMakeFiles/main.dir/C_/VSARM/sdk/pico/pico-sdk/src/rp2_common/pico_stdio_usb/reset_interface.c.obj
 .text.resetd_open
                0x10005d60       0x34 CMakeFiles/main.dir/C_/VSARM/sdk/pico/pico-sdk/src/rp2_common/pico_stdio_usb/reset_interface.c.obj
 .text.resetd_xfer_cb
                0x10005d94        0x4 CMakeFiles/main.dir/C_/VSARM/sdk/pico/pico-sdk/src/rp2_common/pico_stdio_usb/reset_interface.c.obj
 .text.reset_usb_boot
                0x10005d98       0x18 CMakeFiles/main.dir/C_/VSARM/sdk/pico/pico-sdk/src/rp2_common/pico_stdio_usb/reset_interface.c.obj
 .text.resetd_control_xfer_cb
                0x10005db0       0x5c CMakeFiles/main.dir/C_/VSARM/sdk/pico/pico-sdk/src/rp2_common/pico_stdio_usb/reset_interface.c.obj
 .text.usbd_app_driver_get_cb
                0x10005e0c        0xc CMakeFiles/main.dir/C_/VSARM/sdk/pico/pico-sdk/src/rp2_common/pico_stdio_usb/reset_interface.c.obj
                0x10005e0c                usbd_app_driver_get_cb
 .text.tud_cdc_line_coding_cb
                0x10005e18       0x28 CMakeFiles/main.dir/C_/VSARM/sdk/pico/pico-sdk/src/rp2_common/pico_stdio_usb/reset_interface.c.obj
                0x10005e18                tud_cdc_line_coding_cb
 .text.stdio_usb_in_chars
                0x10005e40       0x70 CMakeFiles/main.dir/C_/VSARM/sdk/pico/pico-sdk/src/rp2_common/pico_stdio_usb/stdio_usb.c.obj
                0x10005e40                stdio_usb_in_chars
 .text.low_priority_worker_irq
                0x10005eb0       0x20 CMakeFiles/main.dir/C_/VSARM/sdk/pico/pico-sdk/src/rp2_common/pico_stdio_usb/stdio_usb.c.obj
 .text.stdio_usb_out_chars
                0x10005ed0       0xd4 CMakeFiles/main.dir/C_/VSARM/sdk/pico/pico-sdk/src/rp2_common/pico_stdio_usb/stdio_usb.c.obj
 .text.timer_task
                0x10005fa4       0x40 CMakeFiles/main.dir/C_/VSARM/sdk/pico/pico-sdk/src/rp2_common/pico_stdio_usb/stdio_usb.c.obj
 .text.usb_irq  0x10005fe4       0x10 CMakeFiles/main.dir/C_/VSARM/sdk/pico/pico-sdk/src/rp2_common/pico_stdio_usb/stdio_usb.c.obj
 .text.stdio_usb_init
                0x10005ff4       0xec CMakeFiles/main.dir/C_/VSARM/sdk/pico/pico-sdk/src/rp2_common/pico_stdio_usb/stdio_usb.c.obj
                0x10005ff4                stdio_usb_init
 .text.tud_descriptor_device_cb
                0x100060e0        0x8 CMakeFiles/main.dir/C_/VSARM/sdk/pico/pico-sdk/src/rp2_common/pico_stdio_usb/stdio_usb_descriptors.c.obj
                0x100060e0                tud_descriptor_device_cb
 .text.tud_descriptor_configuration_cb
                0x100060e8        0x8 CMakeFiles/main.dir/C_/VSARM/sdk/pico/pico-sdk/src/rp2_common/pico_stdio_usb/stdio_usb_descriptors.c.obj
                0x100060e8                tud_descriptor_configuration_cb
 .text.tud_descriptor_string_cb
                0x100060f0       0x6c CMakeFiles/main.dir/C_/VSARM/sdk/pico/pico-sdk/src/rp2_common/pico_stdio_usb/stdio_usb_descriptors.c.obj
                0x100060f0                tud_descriptor_string_cb
 .text.hw_endpoint_get_by_addr
                0x1000615c       0x18 CMakeFiles/main.dir/C_/VSARM/sdk/pico/pico-sdk/lib/tinyusb/src/portable/raspberrypi/rp2040/dcd_rp2040.c.obj
 .text.reset_ep0_pid
                0x10006174       0x28 CMakeFiles/main.dir/C_/VSARM/sdk/pico/pico-sdk/lib/tinyusb/src/portable/raspberrypi/rp2040/dcd_rp2040.c.obj
 .text._hw_endpoint_alloc
                0x1000619c       0x70 CMakeFiles/main.dir/C_/VSARM/sdk/pico/pico-sdk/lib/tinyusb/src/portable/raspberrypi/rp2040/dcd_rp2040.c.obj
 .text.hw_endpoint_init
                0x1000620c       0x88 CMakeFiles/main.dir/C_/VSARM/sdk/pico/pico-sdk/lib/tinyusb/src/portable/raspberrypi/rp2040/dcd_rp2040.c.obj
 .text.reset_non_control_endpoints
                0x10006294       0x40 CMakeFiles/main.dir/C_/VSARM/sdk/pico/pico-sdk/lib/tinyusb/src/portable/raspberrypi/rp2040/dcd_rp2040.c.obj
 .text.hw_handle_buff_status
                0x100062d4       0x8c CMakeFiles/main.dir/C_/VSARM/sdk/pico/pico-sdk/lib/tinyusb/src/portable/raspberrypi/rp2040/dcd_rp2040.c.obj
 .text.dcd_rp2040_irq
                0x10006360       0xc0 CMakeFiles/main.dir/C_/VSARM/sdk/pico/pico-sdk/lib/tinyusb/src/portable/raspberrypi/rp2040/dcd_rp2040.c.obj
 .text.hw_endpoint_xfer
                0x10006420       0x14 CMakeFiles/main.dir/C_/VSARM/sdk/pico/pico-sdk/lib/tinyusb/src/portable/raspberrypi/rp2040/dcd_rp2040.c.obj
 .text.dcd_int_enable
                0x10006434       0x2c CMakeFiles/main.dir/C_/VSARM/sdk/pico/pico-sdk/lib/tinyusb/src/portable/raspberrypi/rp2040/dcd_rp2040.c.obj
                0x10006434                dcd_int_enable
 .text.dcd_set_address
                0x10006460       0x2c CMakeFiles/main.dir/C_/VSARM/sdk/pico/pico-sdk/lib/tinyusb/src/portable/raspberrypi/rp2040/dcd_rp2040.c.obj
                0x10006460                dcd_set_address
 .text.dcd_connect
                0x1000648c       0x10 CMakeFiles/main.dir/C_/VSARM/sdk/pico/pico-sdk/lib/tinyusb/src/portable/raspberrypi/rp2040/dcd_rp2040.c.obj
                0x1000648c                dcd_connect
 .text.dcd_init
                0x1000649c       0x7c CMakeFiles/main.dir/C_/VSARM/sdk/pico/pico-sdk/lib/tinyusb/src/portable/raspberrypi/rp2040/dcd_rp2040.c.obj
                0x1000649c                dcd_init
 .text.dcd_edpt0_status_complete
                0x10006518       0x1c CMakeFiles/main.dir/C_/VSARM/sdk/pico/pico-sdk/lib/tinyusb/src/portable/raspberrypi/rp2040/dcd_rp2040.c.obj
                0x10006518                dcd_edpt0_status_complete
 .text.dcd_edpt_open
                0x10006534       0x40 CMakeFiles/main.dir/C_/VSARM/sdk/pico/pico-sdk/lib/tinyusb/src/portable/raspberrypi/rp2040/dcd_rp2040.c.obj
                0x10006534                dcd_edpt_open
 .text.dcd_edpt_close_all
                0x10006574        0x8 CMakeFiles/main.dir/C_/VSARM/sdk/pico/pico-sdk/lib/tinyusb/src/portable/raspberrypi/rp2040/dcd_rp2040.c.obj
                0x10006574                dcd_edpt_close_all
 .text.dcd_edpt_xfer
                0x1000657c       0x30 CMakeFiles/main.dir/C_/VSARM/sdk/pico/pico-sdk/lib/tinyusb/src/portable/raspberrypi/rp2040/dcd_rp2040.c.obj
                0x1000657c                dcd_edpt_xfer
 .text.dcd_edpt_stall
                0x100065ac       0x2c CMakeFiles/main.dir/C_/VSARM/sdk/pico/pico-sdk/lib/tinyusb/src/portable/raspberrypi/rp2040/dcd_rp2040.c.obj
                0x100065ac                dcd_edpt_stall
 .text.dcd_edpt_clear_stall
                0x100065d8       0x20 CMakeFiles/main.dir/C_/VSARM/sdk/pico/pico-sdk/lib/tinyusb/src/portable/raspberrypi/rp2040/dcd_rp2040.c.obj
                0x100065d8                dcd_edpt_clear_stall
 .text.prepare_ep_buffer
                0x100065f8       0x70 CMakeFiles/main.dir/C_/VSARM/sdk/pico/pico-sdk/lib/tinyusb/src/portable/raspberrypi/rp2040/rp2040_usb.c.obj
 .text.sync_ep_buffer
                0x10006668       0x7c CMakeFiles/main.dir/C_/VSARM/sdk/pico/pico-sdk/lib/tinyusb/src/portable/raspberrypi/rp2040/rp2040_usb.c.obj
 .text._hw_endpoint_xfer_sync
                0x100066e4       0x28 CMakeFiles/main.dir/C_/VSARM/sdk/pico/pico-sdk/lib/tinyusb/src/portable/raspberrypi/rp2040/rp2040_usb.c.obj
 .text.rp2040_usb_init
                0x1000670c       0x4c CMakeFiles/main.dir/C_/VSARM/sdk/pico/pico-sdk/lib/tinyusb/src/portable/raspberrypi/rp2040/rp2040_usb.c.obj
                0x1000670c                rp2040_usb_init
 .text.hw_endpoint_reset_transfer
                0x10006758        0xc CMakeFiles/main.dir/C_/VSARM/sdk/pico/pico-sdk/lib/tinyusb/src/portable/raspberrypi/rp2040/rp2040_usb.c.obj
                0x10006758                hw_endpoint_reset_transfer
 .text._hw_endpoint_buffer_control_update32
                0x10006764       0x58 CMakeFiles/main.dir/C_/VSARM/sdk/pico/pico-sdk/lib/tinyusb/src/portable/raspberrypi/rp2040/rp2040_usb.c.obj
                0x10006764                _hw_endpoint_buffer_control_update32
 .text._hw_endpoint_start_next_buffer
                0x100067bc       0x74 CMakeFiles/main.dir/C_/VSARM/sdk/pico/pico-sdk/lib/tinyusb/src/portable/raspberrypi/rp2040/rp2040_usb.c.obj
 .text.hw_endpoint_xfer_start
                0x10006830       0x48 CMakeFiles/main.dir/C_/VSARM/sdk/pico/pico-sdk/lib/tinyusb/src/portable/raspberrypi/rp2040/rp2040_usb.c.obj
                0x10006830                hw_endpoint_xfer_start
 .text.hw_endpoint_xfer_continue
                0x10006878       0x38 CMakeFiles/main.dir/C_/VSARM/sdk/pico/pico-sdk/lib/tinyusb/src/portable/raspberrypi/rp2040/rp2040_usb.c.obj
                0x10006878                hw_endpoint_xfer_continue
 .text.configuration_reset
                0x100068b0       0x84 CMakeFiles/main.dir/C_/VSARM/sdk/pico/pico-sdk/lib/tinyusb/src/device/usbd.c.obj
 .text.usbd_reset
                0x10006934        0xc CMakeFiles/main.dir/C_/VSARM/sdk/pico/pico-sdk/lib/tinyusb/src/device/usbd.c.obj
 .text.invoke_class_control
                0x10006940       0x1a CMakeFiles/main.dir/C_/VSARM/sdk/pico/pico-sdk/lib/tinyusb/src/device/usbd.c.obj
 *fill*         0x1000695a        0x2 
 .text.process_set_config
                0x1000695c      0x1b0 CMakeFiles/main.dir/C_/VSARM/sdk/pico/pico-sdk/lib/tinyusb/src/device/usbd.c.obj
 .text.process_get_descriptor
                0x10006b0c       0xec CMakeFiles/main.dir/C_/VSARM/sdk/pico/pico-sdk/lib/tinyusb/src/device/usbd.c.obj
 .text.tud_mounted
                0x10006bf8       0x10 CMakeFiles/main.dir/C_/VSARM/sdk/pico/pico-sdk/lib/tinyusb/src/device/usbd.c.obj
                0x10006bf8                tud_mounted
 .text.tud_suspended
                0x10006c08       0x10 CMakeFiles/main.dir/C_/VSARM/sdk/pico/pico-sdk/lib/tinyusb/src/device/usbd.c.obj
                0x10006c08                tud_suspended
 .text.tud_inited
                0x10006c18        0xc CMakeFiles/main.dir/C_/VSARM/sdk/pico/pico-sdk/lib/tinyusb/src/device/usbd.c.obj
                0x10006c18                tud_inited
 .text.tud_init
                0x10006c24       0xcc CMakeFiles/main.dir/C_/VSARM/sdk/pico/pico-sdk/lib/tinyusb/src/device/usbd.c.obj
                0x10006c24                tud_init
 .text.dcd_event_handler
                0x10006cf0      0x1e0 CMakeFiles/main.dir/C_/VSARM/sdk/pico/pico-sdk/lib/tinyusb/src/device/usbd.c.obj
                0x10006cf0                dcd_event_handler
 .text.dcd_event_bus_signal
                0x10006ed0       0x26 CMakeFiles/main.dir/C_/VSARM/sdk/pico/pico-sdk/lib/tinyusb/src/device/usbd.c.obj
                0x10006ed0                dcd_event_bus_signal
 .text.dcd_event_bus_reset
                0x10006ef6       0x2a CMakeFiles/main.dir/C_/VSARM/sdk/pico/pico-sdk/lib/tinyusb/src/device/usbd.c.obj
                0x10006ef6                dcd_event_bus_reset
 .text.dcd_event_setup_received
                0x10006f20       0x34 CMakeFiles/main.dir/C_/VSARM/sdk/pico/pico-sdk/lib/tinyusb/src/device/usbd.c.obj
                0x10006f20                dcd_event_setup_received
 .text.dcd_event_xfer_complete
                0x10006f54       0x44 CMakeFiles/main.dir/C_/VSARM/sdk/pico/pico-sdk/lib/tinyusb/src/device/usbd.c.obj
                0x10006f54                dcd_event_xfer_complete
 .text.usbd_edpt_open
                0x10006f98       0x58 CMakeFiles/main.dir/C_/VSARM/sdk/pico/pico-sdk/lib/tinyusb/src/device/usbd.c.obj
                0x10006f98                usbd_edpt_open
 .text.usbd_open_edpt_pair
                0x10006ff0       0x8c CMakeFiles/main.dir/C_/VSARM/sdk/pico/pico-sdk/lib/tinyusb/src/device/usbd.c.obj
                0x10006ff0                usbd_open_edpt_pair
 .text.usbd_edpt_claim
                0x1000707c       0x8c CMakeFiles/main.dir/C_/VSARM/sdk/pico/pico-sdk/lib/tinyusb/src/device/usbd.c.obj
                0x1000707c                usbd_edpt_claim
 .text.usbd_edpt_release
                0x10007108       0x68 CMakeFiles/main.dir/C_/VSARM/sdk/pico/pico-sdk/lib/tinyusb/src/device/usbd.c.obj
                0x10007108                usbd_edpt_release
 .text.usbd_edpt_xfer
                0x10007170       0x80 CMakeFiles/main.dir/C_/VSARM/sdk/pico/pico-sdk/lib/tinyusb/src/device/usbd.c.obj
                0x10007170                usbd_edpt_xfer
 .text.usbd_edpt_stall
                0x100071f0       0x40 CMakeFiles/main.dir/C_/VSARM/sdk/pico/pico-sdk/lib/tinyusb/src/device/usbd.c.obj
                0x100071f0                usbd_edpt_stall
 .text.usbd_edpt_clear_stall
                0x10007230       0x40 CMakeFiles/main.dir/C_/VSARM/sdk/pico/pico-sdk/lib/tinyusb/src/device/usbd.c.obj
                0x10007230                usbd_edpt_clear_stall
 .text.usbd_edpt_stalled
                0x10007270       0x1c CMakeFiles/main.dir/C_/VSARM/sdk/pico/pico-sdk/lib/tinyusb/src/device/usbd.c.obj
                0x10007270                usbd_edpt_stalled
 .text.process_control_request
                0x1000728c      0x3b8 CMakeFiles/main.dir/C_/VSARM/sdk/pico/pico-sdk/lib/tinyusb/src/device/usbd.c.obj
 .text.tud_task
                0x10007644      0x218 CMakeFiles/main.dir/C_/VSARM/sdk/pico/pico-sdk/lib/tinyusb/src/device/usbd.c.obj
                0x10007644                tud_task
 .text._data_stage_xact
                0x1000785c       0x58 CMakeFiles/main.dir/C_/VSARM/sdk/pico/pico-sdk/lib/tinyusb/src/device/usbd_control.c.obj
 .text.tud_control_status
                0x100078b4       0x38 CMakeFiles/main.dir/C_/VSARM/sdk/pico/pico-sdk/lib/tinyusb/src/device/usbd_control.c.obj
                0x100078b4                tud_control_status
 .text.tud_control_xfer
                0x100078ec       0xa8 CMakeFiles/main.dir/C_/VSARM/sdk/pico/pico-sdk/lib/tinyusb/src/device/usbd_control.c.obj
                0x100078ec                tud_control_xfer
 .text.usbd_control_reset
                0x10007994       0x14 CMakeFiles/main.dir/C_/VSARM/sdk/pico/pico-sdk/lib/tinyusb/src/device/usbd_control.c.obj
                0x10007994                usbd_control_reset
 .text.usbd_control_set_complete_callback
                0x100079a8        0xc CMakeFiles/main.dir/C_/VSARM/sdk/pico/pico-sdk/lib/tinyusb/src/device/usbd_control.c.obj
                0x100079a8                usbd_control_set_complete_callback
 .text.usbd_control_set_request
                0x100079b4       0x1c CMakeFiles/main.dir/C_/VSARM/sdk/pico/pico-sdk/lib/tinyusb/src/device/usbd_control.c.obj
                0x100079b4                usbd_control_set_request
 .text.usbd_control_xfer_cb
                0x100079d0       0xfc CMakeFiles/main.dir/C_/VSARM/sdk/pico/pico-sdk/lib/tinyusb/src/device/usbd_control.c.obj
                0x100079d0                usbd_control_xfer_cb
 .text._prep_out_transaction
                0x10007acc       0x46 CMakeFiles/main.dir/C_/VSARM/sdk/pico/pico-sdk/lib/tinyusb/src/class/cdc/cdc_device.c.obj
 *fill*         0x10007b12        0x2 
 .text.tud_cdc_n_connected
                0x10007b14       0x44 CMakeFiles/main.dir/C_/VSARM/sdk/pico/pico-sdk/lib/tinyusb/src/class/cdc/cdc_device.c.obj
                0x10007b14                tud_cdc_n_connected
 .text.tud_cdc_n_available
                0x10007b58       0x18 CMakeFiles/main.dir/C_/VSARM/sdk/pico/pico-sdk/lib/tinyusb/src/class/cdc/cdc_device.c.obj
                0x10007b58                tud_cdc_n_available
 .text.tud_cdc_n_read
                0x10007b70       0x28 CMakeFiles/main.dir/C_/VSARM/sdk/pico/pico-sdk/lib/tinyusb/src/class/cdc/cdc_device.c.obj
                0x10007b70                tud_cdc_n_read
 .text.tud_cdc_n_write_flush
                0x10007b98       0xcc CMakeFiles/main.dir/C_/VSARM/sdk/pico/pico-sdk/lib/tinyusb/src/class/cdc/cdc_device.c.obj
                0x10007b98                tud_cdc_n_write_flush
 .text.tud_cdc_n_write
                0x10007c64       0x38 CMakeFiles/main.dir/C_/VSARM/sdk/pico/pico-sdk/lib/tinyusb/src/class/cdc/cdc_device.c.obj
                0x10007c64                tud_cdc_n_write
 .text.tud_cdc_n_write_available
                0x10007c9c       0x1c CMakeFiles/main.dir/C_/VSARM/sdk/pico/pico-sdk/lib/tinyusb/src/class/cdc/cdc_device.c.obj
                0x10007c9c                tud_cdc_n_write_available
 .text.cdcd_init
                0x10007cb8       0xbc CMakeFiles/main.dir/C_/VSARM/sdk/pico/pico-sdk/lib/tinyusb/src/class/cdc/cdc_device.c.obj
                0x10007cb8                cdcd_init
 .text.cdcd_reset
                0x10007d74       0x44 CMakeFiles/main.dir/C_/VSARM/sdk/pico/pico-sdk/lib/tinyusb/src/class/cdc/cdc_device.c.obj
                0x10007d74                cdcd_reset
 .text.cdcd_open
                0x10007db8       0xf8 CMakeFiles/main.dir/C_/VSARM/sdk/pico/pico-sdk/lib/tinyusb/src/class/cdc/cdc_device.c.obj
                0x10007db8                cdcd_open
 .text.cdcd_control_xfer_cb
                0x10007eb0      0x134 CMakeFiles/main.dir/C_/VSARM/sdk/pico/pico-sdk/lib/tinyusb/src/class/cdc/cdc_device.c.obj
                0x10007eb0                cdcd_control_xfer_cb
 .text.cdcd_xfer_cb
                0x10007fe4      0x144 CMakeFiles/main.dir/C_/VSARM/sdk/pico/pico-sdk/lib/tinyusb/src/class/cdc/cdc_device.c.obj
                0x10007fe4                cdcd_xfer_cb
 .text.tusb_init
                0x10008128       0x24 CMakeFiles/main.dir/C_/VSARM/sdk/pico/pico-sdk/lib/tinyusb/src/tusb.c.obj
                0x10008128                tusb_init
 .text.tusb_inited
                0x1000814c        0xe CMakeFiles/main.dir/C_/VSARM/sdk/pico/pico-sdk/lib/tinyusb/src/tusb.c.obj
                0x1000814c                tusb_inited
 *fill*         0x1000815a        0x2 
 .text.tu_edpt_validate
                0x1000815c       0xa8 CMakeFiles/main.dir/C_/VSARM/sdk/pico/pico-sdk/lib/tinyusb/src/tusb.c.obj
                0x1000815c                tu_edpt_validate
 .text.tu_edpt_bind_driver
                0x10008204       0x2a CMakeFiles/main.dir/C_/VSARM/sdk/pico/pico-sdk/lib/tinyusb/src/tusb.c.obj
                0x10008204                tu_edpt_bind_driver
 .text.advance_pointer
                0x1000822e       0x18 CMakeFiles/main.dir/C_/VSARM/sdk/pico/pico-sdk/lib/tinyusb/src/common/tusb_fifo.c.obj
 .text.backward_pointer
                0x10008246       0x1e CMakeFiles/main.dir/C_/VSARM/sdk/pico/pico-sdk/lib/tinyusb/src/common/tusb_fifo.c.obj
 .text.get_relative_pointer
                0x10008264       0x10 CMakeFiles/main.dir/C_/VSARM/sdk/pico/pico-sdk/lib/tinyusb/src/common/tusb_fifo.c.obj
 .text._tu_fifo_peek
                0x10008274       0x50 CMakeFiles/main.dir/C_/VSARM/sdk/pico/pico-sdk/lib/tinyusb/src/common/tusb_fifo.c.obj
 .text._ff_pull_const_addr
                0x100082c4       0x4c CMakeFiles/main.dir/C_/VSARM/sdk/pico/pico-sdk/lib/tinyusb/src/common/tusb_fifo.c.obj
 .text._ff_pull_n
                0x10008310      0x10c CMakeFiles/main.dir/C_/VSARM/sdk/pico/pico-sdk/lib/tinyusb/src/common/tusb_fifo.c.obj
 .text._tu_fifo_peek_n
                0x1000841c       0x5e CMakeFiles/main.dir/C_/VSARM/sdk/pico/pico-sdk/lib/tinyusb/src/common/tusb_fifo.c.obj
 .text._tu_fifo_read_n
                0x1000847a       0x4e CMakeFiles/main.dir/C_/VSARM/sdk/pico/pico-sdk/lib/tinyusb/src/common/tusb_fifo.c.obj
 .text._ff_push_const_addr
                0x100084c8       0x40 CMakeFiles/main.dir/C_/VSARM/sdk/pico/pico-sdk/lib/tinyusb/src/common/tusb_fifo.c.obj
 .text._ff_push_n
                0x10008508      0x108 CMakeFiles/main.dir/C_/VSARM/sdk/pico/pico-sdk/lib/tinyusb/src/common/tusb_fifo.c.obj
 .text._tu_fifo_write_n
                0x10008610       0x9e CMakeFiles/main.dir/C_/VSARM/sdk/pico/pico-sdk/lib/tinyusb/src/common/tusb_fifo.c.obj
 .text.tu_fifo_config
                0x100086ae       0x72 CMakeFiles/main.dir/C_/VSARM/sdk/pico/pico-sdk/lib/tinyusb/src/common/tusb_fifo.c.obj
                0x100086ae                tu_fifo_config
 .text.tu_fifo_count
                0x10008720       0x26 CMakeFiles/main.dir/C_/VSARM/sdk/pico/pico-sdk/lib/tinyusb/src/common/tusb_fifo.c.obj
                0x10008720                tu_fifo_count
 .text.tu_fifo_empty
                0x10008746       0x10 CMakeFiles/main.dir/C_/VSARM/sdk/pico/pico-sdk/lib/tinyusb/src/common/tusb_fifo.c.obj
                0x10008746                tu_fifo_empty
 .text.tu_fifo_remaining
                0x10008756       0x20 CMakeFiles/main.dir/C_/VSARM/sdk/pico/pico-sdk/lib/tinyusb/src/common/tusb_fifo.c.obj
                0x10008756                tu_fifo_remaining
 .text.tu_fifo_read
                0x10008776       0x42 CMakeFiles/main.dir/C_/VSARM/sdk/pico/pico-sdk/lib/tinyusb/src/common/tusb_fifo.c.obj
                0x10008776                tu_fifo_read
 .text.tu_fifo_read_n
                0x100087b8        0xa CMakeFiles/main.dir/C_/VSARM/sdk/pico/pico-sdk/lib/tinyusb/src/common/tusb_fifo.c.obj
                0x100087b8                tu_fifo_read_n
 .text.tu_fifo_write
                0x100087c2       0x6c CMakeFiles/main.dir/C_/VSARM/sdk/pico/pico-sdk/lib/tinyusb/src/common/tusb_fifo.c.obj
                0x100087c2                tu_fifo_write
 .text.tu_fifo_write_n
                0x1000882e        0xa CMakeFiles/main.dir/C_/VSARM/sdk/pico/pico-sdk/lib/tinyusb/src/common/tusb_fifo.c.obj
                0x1000882e                tu_fifo_write_n
 .text.tu_fifo_clear
                0x10008838       0x4c CMakeFiles/main.dir/C_/VSARM/sdk/pico/pico-sdk/lib/tinyusb/src/common/tusb_fifo.c.obj
                0x10008838                tu_fifo_clear
 .text.tu_fifo_set_overwritable
                0x10008884       0x3c CMakeFiles/main.dir/C_/VSARM/sdk/pico/pico-sdk/lib/tinyusb/src/common/tusb_fifo.c.obj
                0x10008884                tu_fifo_set_overwritable
 .text._retrieve_unique_id_on_boot
                0x100088c0       0x10 CMakeFiles/main.dir/C_/VSARM/sdk/pico/pico-sdk/src/rp2_common/pico_unique_id/unique_id.c.obj
 .text.pico_get_unique_board_id_string
                0x100088d0       0x60 CMakeFiles/main.dir/C_/VSARM/sdk/pico/pico-sdk/src/rp2_common/pico_unique_id/unique_id.c.obj
                0x100088d0                pico_get_unique_board_id_string
 .text.flash_get_unique_id
                0x10008930       0x46 CMakeFiles/main.dir/C_/VSARM/sdk/pico/pico-sdk/src/rp2_common/hardware_flash/flash.c.obj
                0x10008930                flash_get_unique_id
 .text.i2c_write_blocking_internal
                0x10008976      0x140 CMakeFiles/main.dir/C_/VSARM/sdk/pico/pico-sdk/src/rp2_common/hardware_i2c/i2c.c.obj
 .text.i2c_read_blocking_internal
                0x10008ab6       0xe6 CMakeFiles/main.dir/C_/VSARM/sdk/pico/pico-sdk/src/rp2_common/hardware_i2c/i2c.c.obj
 .text.i2c_set_baudrate
                0x10008b9c       0xf0 CMakeFiles/main.dir/C_/VSARM/sdk/pico/pico-sdk/src/rp2_common/hardware_i2c/i2c.c.obj
                0x10008b9c                i2c_set_baudrate
 .text.i2c_init
                0x10008c8c       0x58 CMakeFiles/main.dir/C_/VSARM/sdk/pico/pico-sdk/src/rp2_common/hardware_i2c/i2c.c.obj
                0x10008c8c                i2c_init
 .text.i2c_write_blocking
                0x10008ce4       0x18 CMakeFiles/main.dir/C_/VSARM/sdk/pico/pico-sdk/src/rp2_common/hardware_i2c/i2c.c.obj
                0x10008ce4                i2c_write_blocking
 .text.i2c_write_blocking_until
                0x10008cfc       0x3e CMakeFiles/main.dir/C_/VSARM/sdk/pico/pico-sdk/src/rp2_common/hardware_i2c/i2c.c.obj
                0x10008cfc                i2c_write_blocking_until
 .text.i2c_read_blocking_until
                0x10008d3a       0x3e CMakeFiles/main.dir/C_/VSARM/sdk/pico/pico-sdk/src/rp2_common/hardware_i2c/i2c.c.obj
                0x10008d3a                i2c_read_blocking_until
 .text.adc_init
                0x10008d78       0x34 CMakeFiles/main.dir/C_/VSARM/sdk/pico/pico-sdk/src/rp2_common/hardware_adc/adc.c.obj
                0x10008d78                adc_init
 .text          0x10008dac     0x129c ..\freertos\libfreertos.a(tasks.c.obj)
                0x1000906c                xTaskCreate
                0x100090fc                vTaskDelete
                0x10009180                uxTaskPriorityGet
                0x100091a0                uxTaskPriorityGetFromISR
                0x100091c0                vTaskPrioritySet
                0x10009290                vTaskResume
                0x10009314                xTaskResumeFromISR
                0x100093b0                vTaskStartScheduler
                0x100093f0                vTaskEndScheduler
                0x10009404                vTaskSuspendAll
                0x10009414                xTaskGetTickCount
                0x10009420                xTaskGetTickCountFromISR
                0x1000942c                uxTaskGetNumberOfTasks
                0x10009438                pcTaskGetName
                0x1000944c                xTaskIncrementTick
                0x10009578                xTaskResumeAll
                0x10009698                xTaskDelayUntil
                0x100096f8                vTaskDelay
                0x10009718                xTaskCatchUpTicks
                0x1000973c                vTaskSwitchContext
                0x100097b8                vTaskSuspend
                0x1000985c                vTaskPlaceOnEventList
                0x10009878                vTaskPlaceOnUnorderedEventList
                0x100098b8                vTaskPlaceOnEventListRestricted
                0x100098f8                xTaskRemoveFromEventList
                0x100099cc                vTaskRemoveFromUnorderedEventList
                0x10009a7c                vTaskSetTimeOutState
                0x10009a98                vTaskInternalSetTimeOutState
                0x10009aa8                xTaskCheckForTimeOut
                0x10009b00                vTaskMissedYield
                0x10009b0c                vTaskSetThreadLocalStoragePointer
                0x10009b28                pvTaskGetThreadLocalStoragePointer
                0x10009b48                xTaskGetCurrentTaskHandle
                0x10009b54                xTaskGetSchedulerState
                0x10009b74                uxTaskResetEventItemValue
                0x10009b8c                ulTaskGenericNotifyTake
                0x10009c18                xTaskGenericNotifyWait
                0x10009cb8                xTaskGenericNotify
                0x10009dc0                xTaskGenericNotifyFromISR
                0x10009f04                vTaskGenericNotifyGiveFromISR
                0x10009fe0                xTaskGenericNotifyStateClear
                0x1000a018                ulTaskGenericNotifyValueClear
 .text          0x1000a048      0x4a4 ..\freertos\libfreertos.a(timers.c.obj)
                0x1000a352                xTimerCreateTimerTask
                0x1000a38c                xTimerCreate
                0x1000a3c0                xTimerGenericCommandFromTask
                0x1000a40c                xTimerGenericCommandFromISR
                0x1000a440                xTimerGetTimerDaemonTaskHandle
                0x1000a44c                xTimerGetPeriod
                0x1000a450                vTimerSetReloadMode
                0x1000a47a                xTimerGetReloadMode
                0x1000a498                uxTimerGetReloadMode
                0x1000a4a0                xTimerGetExpiryTime
                0x1000a4a4                pcTimerGetName
                0x1000a4a8                xTimerIsTimerActive
                0x1000a4c6                pvTimerGetTimerID
                0x1000a4d8                vTimerSetTimerID
 .text          0x1000a4ec       0x2e ..\freertos\libfreertos.a(heap_3.c.obj)
                0x1000a4ec                pvPortMalloc
                0x1000a504                vPortFree
 *fill*         0x1000a51a        0x6 
 .text          0x1000a520      0x18c ..\freertos\libfreertos.a(port.c.obj)
                0x1000a564                pxPortInitialiseStack
                0x1000a584                isr_svcall
                0x1000a586                vPortEndScheduler
                0x1000a588                vPortYield
                0x1000a5a0                vPortEnterCritical
                0x1000a5b8                vPortExitCritical
                0x1000a5cc                ulSetInterruptMaskFromISR
                0x1000a5d4                vClearInterruptMaskFromISR
                0x1000a5da                isr_pendsv
                0x1000a624                isr_systick
                0x1000a648                vPortSetupTimerInterrupt
                0x1000a670                xPortStartScheduler
 .text          0x1000a6ac       0x86 ..\freertos\libfreertos.a(list.c.obj)
                0x1000a6ac                vListInitialise
                0x1000a6c2                vListInitialiseItem
                0x1000a6c8                vListInsertEnd
                0x1000a6de                vListInsert
                0x1000a70c                uxListRemove
 *fill*         0x1000a732        0x2 
 .text          0x1000a734      0x914 ..\freertos\libfreertos.a(queue.c.obj)
                0x1000a864                xQueueGenericReset
                0x1000a938                xQueueGenericCreate
                0x1000a9b6                xQueueGenericSend
                0x1000aaa8                xQueueGenericSendFromISR
                0x1000ab2e                xQueueGiveFromISR
                0x1000ab9e                xQueueReceive
                0x1000ac8c                xQueueSemaphoreTake
                0x1000ad70                xQueuePeek
                0x1000ae5e                xQueueReceiveFromISR
                0x1000aedc                xQueuePeekFromISR
                0x1000af0a                uxQueueMessagesWaiting
                0x1000af1c                uxQueueSpacesAvailable
                0x1000af32                uxQueueMessagesWaitingFromISR
                0x1000af36                uxQueueGetQueueItemSize
                0x1000af3a                xQueueIsQueueEmptyFromISR
                0x1000af48                xQueueIsQueueFullFromISR
                0x1000af58                vQueueAddToRegistry
                0x1000af9c                pcQueueGetName
                0x1000afc0                vQueueUnregisterQueue
                0x1000afe8                vQueueDelete
                0x1000aff8                vQueueWaitForMessageRestricted
 .text.startup._GLOBAL__sub_I__ZN9__gnu_cxx9__freeresEv
                0x1000b048       0x2c c:/vsarm/armcc/102020~1/bin/../lib/gcc/arm-none-eabi/10.2.1/../../../../arm-none-eabi/lib/thumb/v6-m/nofp\libstdc++.a(eh_alloc.o)
 .text.__retarget_lock_acquire_recursive
                0x1000b074        0x4 c:/vsarm/armcc/102020~1/bin/../lib/gcc/arm-none-eabi/10.2.1/../../../../arm-none-eabi/lib/thumb/v6-m/nofp\libg.a(lib_a-lock.o)
                0x1000b074                __retarget_lock_acquire_recursive
 .text.__retarget_lock_release_recursive
                0x1000b078        0x4 c:/vsarm/armcc/102020~1/bin/../lib/gcc/arm-none-eabi/10.2.1/../../../../arm-none-eabi/lib/thumb/v6-m/nofp\libg.a(lib_a-lock.o)
                0x1000b078                __retarget_lock_release_recursive
 .text.malloc   0x1000b07c       0x14 c:/vsarm/armcc/102020~1/bin/../lib/gcc/arm-none-eabi/10.2.1/../../../../arm-none-eabi/lib/thumb/v6-m/nofp\libg.a(lib_a-malloc.o)
                0x1000b07c                malloc
 .text.free     0x1000b090       0x14 c:/vsarm/armcc/102020~1/bin/../lib/gcc/arm-none-eabi/10.2.1/../../../../arm-none-eabi/lib/thumb/v6-m/nofp\libg.a(lib_a-malloc.o)
                0x1000b090                free
 .text._malloc_r
                0x1000b0a4      0x580 c:/vsarm/armcc/102020~1/bin/../lib/gcc/arm-none-eabi/10.2.1/../../../../arm-none-eabi/lib/thumb/v6-m/nofp\libg.a(lib_a-mallocr.o)
                0x1000b0a4                _malloc_r
 .text.__malloc_lock
                0x1000b624       0x10 c:/vsarm/armcc/102020~1/bin/../lib/gcc/arm-none-eabi/10.2.1/../../../../arm-none-eabi/lib/thumb/v6-m/nofp\libg.a(lib_a-mlock.o)
                0x1000b624                __malloc_lock
 .text.__malloc_unlock
                0x1000b634       0x10 c:/vsarm/armcc/102020~1/bin/../lib/gcc/arm-none-eabi/10.2.1/../../../../arm-none-eabi/lib/thumb/v6-m/nofp\libg.a(lib_a-mlock.o)
                0x1000b634                __malloc_unlock
 .text._sbrk_r  0x1000b644       0x24 c:/vsarm/armcc/102020~1/bin/../lib/gcc/arm-none-eabi/10.2.1/../../../../arm-none-eabi/lib/thumb/v6-m/nofp\libg.a(lib_a-sbrkr.o)
                0x1000b644                _sbrk_r
 .text.strlen   0x1000b668       0x5c c:/vsarm/armcc/102020~1/bin/../lib/gcc/arm-none-eabi/10.2.1/../../../../arm-none-eabi/lib/thumb/v6-m/nofp\libg.a(lib_a-strlen-stub.o)
                0x1000b668                strlen
 .text._malloc_trim_r
                0x1000b6c4       0x9c c:/vsarm/armcc/102020~1/bin/../lib/gcc/arm-none-eabi/10.2.1/../../../../arm-none-eabi/lib/thumb/v6-m/nofp\libg.a(lib_a-freer.o)
                0x1000b6c4                _malloc_trim_r
 .text._free_r  0x1000b760      0x1c4 c:/vsarm/armcc/102020~1/bin/../lib/gcc/arm-none-eabi/10.2.1/../../../../arm-none-eabi/lib/thumb/v6-m/nofp\libg.a(lib_a-freer.o)
                0x1000b760                _free_r
 *(.fini)
 .fini          0x1000b924        0x4 c:/vsarm/armcc/102020~1/bin/../lib/gcc/arm-none-eabi/10.2.1/thumb/v6-m/nofp/crti.o
                0x1000b924                _fini
 .fini.__stub   0x1000b928       0x70 linker stubs
 *crtbegin.o(.ctors)
 *crtbegin?.o(.ctors)
 *(EXCLUDE_FILE(*crtend.o *crtend?.o) .ctors)
 *(SORT_BY_NAME(.ctors.*))
 *(.ctors)
 *crtbegin.o(.dtors)
 *crtbegin?.o(.dtors)
 *(EXCLUDE_FILE(*crtend.o *crtend?.o) .dtors)
 *(SORT_BY_NAME(.dtors.*))
 *(.dtors)
 *(.eh_frame*)
 .eh_frame      0x1000b998        0x0 c:/vsarm/armcc/102020~1/bin/../lib/gcc/arm-none-eabi/10.2.1/thumb/v6-m/nofp/crtbegin.o
                0x1000b998                . = ALIGN (0x4)

.glue_7         0x1000b998        0x0
 .glue_7        0x1000b998        0x0 linker stubs

.glue_7t        0x1000b998        0x0
 .glue_7t       0x1000b998        0x0 linker stubs

.vfp11_veneer   0x1000b998        0x0
 .vfp11_veneer  0x1000b998        0x0 linker stubs

.v4_bx          0x1000b998        0x0
 .v4_bx         0x1000b998        0x0 linker stubs

.iplt           0x1000b998        0x0
 .iplt          0x1000b998        0x0 c:/vsarm/armcc/102020~1/bin/../lib/gcc/arm-none-eabi/10.2.1/thumb/v6-m/nofp/crtbegin.o

.rodata         0x1000b998     0x1fe8
 *(EXCLUDE_FILE(*libm.a: *libc.a:*lib_a-mem*.o *libgcc.a:) .rodata*)
 .rodata._Z4oledPv.str1.4
                0x1000b998       0x33 CMakeFiles/main.dir/main.cpp.obj
 *fill*         0x1000b9cb        0x1 
 .rodata._Z7CurrentPv.str1.4
                0x1000b9cc       0x19 CMakeFiles/main.dir/main.cpp.obj
 *fill*         0x1000b9e5        0x3 
 .rodata._Z4TempPv.str1.4
                0x1000b9e8        0xa CMakeFiles/main.dir/main.cpp.obj
 *fill*         0x1000b9f2        0x2 
 .rodata._Z7ADS1115Pv.str1.4
                0x1000b9f4        0xd CMakeFiles/main.dir/main.cpp.obj
 *fill*         0x1000ba01        0x3 
 .rodata.main.str1.4
                0x1000ba04       0x4c CMakeFiles/main.dir/main.cpp.obj
 .rodata._ZN8One_wire9match_romER13rom_address_t.str1.4
                0x1000ba50       0x11 CMakeFiles/main.dir/one_wire.cpp.obj
 *fill*         0x1000ba61        0x3 
 .rodata._ZN8One_wire8skip_romEv.str1.4
                0x1000ba64       0x10 CMakeFiles/main.dir/one_wire.cpp.obj
 .rodata._ZN8One_wire11temperatureER13rom_address_tb.str1.4
                0x1000ba74       0x1a CMakeFiles/main.dir/one_wire.cpp.obj
 *fill*         0x1000ba8e        0x2 
 .rodata._ZN12PICO_ADS1X159beginADSXE16ADSXAddressI2C_eP8i2c_instthh.str1.4
                0x1000ba90       0x99 CMakeFiles/main.dir/ads1x15.cpp.obj
 *fill*         0x1000bb29        0x3 
 .rodata._ZL12glcd5x7ascii
                0x1000bb2c      0x500 CMakeFiles/main.dir/ssd1306.cpp.obj
 .rodata._ZL15ssd1306_font6x8
                0x1000c02c      0x228 CMakeFiles/main.dir/ssd1306.cpp.obj
 .rodata.spin_lock_claim_unused.str1.4
                0x1000c254       0x1b CMakeFiles/main.dir/C_/VSARM/sdk/pico/pico-sdk/src/rp2_common/hardware_sync/sync.c.obj
 *fill*         0x1000c26f        0x1 
 .rodata.make_branch.str1.4
                0x1000c270       0x6d CMakeFiles/main.dir/C_/VSARM/sdk/pico/pico-sdk/src/rp2_common/hardware_irq/irq.c.obj
 *fill*         0x1000c2dd        0x3 
 .rodata.insert_branch_and_link.str1.4
                0x1000c2e0       0x10 CMakeFiles/main.dir/C_/VSARM/sdk/pico/pico-sdk/src/rp2_common/hardware_irq/irq.c.obj
 .rodata.irq_set_exclusive_handler.str1.4
                0x1000c2f0       0x36 CMakeFiles/main.dir/C_/VSARM/sdk/pico/pico-sdk/src/rp2_common/hardware_irq/irq.c.obj
 *fill*         0x1000c326        0x2 
 .rodata.irq_add_shared_handler.str1.4
                0x1000c328       0xd9 CMakeFiles/main.dir/C_/VSARM/sdk/pico/pico-sdk/src/rp2_common/hardware_irq/irq.c.obj
 *fill*         0x1000c401        0x3 
 .rodata.irq_remove_handler.str1.4
                0x1000c404       0x2a CMakeFiles/main.dir/C_/VSARM/sdk/pico/pico-sdk/src/rp2_common/hardware_irq/irq.c.obj
 *fill*         0x1000c42e        0x2 
 .rodata.irq_add_tail_to_free_list.str1.4
                0x1000c430       0x3a CMakeFiles/main.dir/C_/VSARM/sdk/pico/pico-sdk/src/rp2_common/hardware_irq/irq.c.obj
 *fill*         0x1000c46a        0x2 
 .rodata.user_irq_claim_unused.str1.4
                0x1000c46c       0x1b CMakeFiles/main.dir/C_/VSARM/sdk/pico/pico-sdk/src/rp2_common/hardware_irq/irq.c.obj
 *fill*         0x1000c487        0x1 
 .rodata.__func__.0
                0x1000c488       0x1a CMakeFiles/main.dir/C_/VSARM/sdk/pico/pico-sdk/src/rp2_common/hardware_irq/irq.c.obj
 *fill*         0x1000c4a2        0x2 
 .rodata.__func__.1
                0x1000c4a4       0x17 CMakeFiles/main.dir/C_/VSARM/sdk/pico/pico-sdk/src/rp2_common/hardware_irq/irq.c.obj
 *fill*         0x1000c4bb        0x1 
 .rodata.__func__.2
                0x1000c4bc       0x13 CMakeFiles/main.dir/C_/VSARM/sdk/pico/pico-sdk/src/rp2_common/hardware_irq/irq.c.obj
 *fill*         0x1000c4cf        0x1 
 .rodata.__func__.3
                0x1000c4d0        0xc CMakeFiles/main.dir/C_/VSARM/sdk/pico/pico-sdk/src/rp2_common/hardware_irq/irq.c.obj
 .rodata.__func__.4
                0x1000c4dc        0xf CMakeFiles/main.dir/C_/VSARM/sdk/pico/pico-sdk/src/rp2_common/hardware_irq/irq.c.obj
 *fill*         0x1000c4eb        0x1 
 .rodata.__func__.5
                0x1000c4ec       0x17 CMakeFiles/main.dir/C_/VSARM/sdk/pico/pico-sdk/src/rp2_common/hardware_irq/irq.c.obj
 *fill*         0x1000c503        0x1 
 .rodata.__func__.6
                0x1000c504       0x1a CMakeFiles/main.dir/C_/VSARM/sdk/pico/pico-sdk/src/rp2_common/hardware_irq/irq.c.obj
 *fill*         0x1000c51e        0x2 
 .rodata.repeating_timer_callback.str1.4
                0x1000c520       0x4b CMakeFiles/main.dir/C_/VSARM/sdk/pico/pico-sdk/src/common/pico_time/time.c.obj
 *fill*         0x1000c56b        0x1 
 .rodata.alarm_pool_dump_key.str1.4
                0x1000c56c       0x33 CMakeFiles/main.dir/C_/VSARM/sdk/pico/pico-sdk/src/common/pico_time/time.c.obj
 *fill*         0x1000c59f        0x1 
 .rodata.ph_add_child_node.str1.4
                0x1000c5a0       0x96 CMakeFiles/main.dir/C_/VSARM/sdk/pico/pico-sdk/src/common/pico_time/time.c.obj
 *fill*         0x1000c636        0x2 
 .rodata.add_alarm_under_lock.str1.4
                0x1000c638       0x28 CMakeFiles/main.dir/C_/VSARM/sdk/pico/pico-sdk/src/common/pico_time/time.c.obj
                                 0x2b (size before relaxing)
 .rodata.alarm_pool_alarm_callback.str1.4
                0x1000c660       0x82 CMakeFiles/main.dir/C_/VSARM/sdk/pico/pico-sdk/src/common/pico_time/time.c.obj
                                 0xe6 (size before relaxing)
 *fill*         0x1000c6e2        0x2 
 .rodata.alarm_pool_get_default.str1.4
                0x1000c6e4       0x21 CMakeFiles/main.dir/C_/VSARM/sdk/pico/pico-sdk/src/common/pico_time/time.c.obj
 *fill*         0x1000c705        0x3 
 .rodata.alarm_pool_cancel_alarm.str1.4
                0x1000c708       0x27 CMakeFiles/main.dir/C_/VSARM/sdk/pico/pico-sdk/src/common/pico_time/time.c.obj
 *fill*         0x1000c72f        0x1 
 .rodata.sleep_until.str1.4
                0x1000c730       0x4d CMakeFiles/main.dir/C_/VSARM/sdk/pico/pico-sdk/src/common/pico_time/time.c.obj
 *fill*         0x1000c77d        0x3 
 .rodata.__func__.1
                0x1000c780       0x18 CMakeFiles/main.dir/C_/VSARM/sdk/pico/pico-sdk/src/common/pico_time/time.c.obj
 .rodata.__func__.10
                0x1000c798       0x15 CMakeFiles/main.dir/C_/VSARM/sdk/pico/pico-sdk/src/common/pico_time/time.c.obj
 *fill*         0x1000c7ad        0x3 
 .rodata.__func__.11
                0x1000c7b0       0x1a CMakeFiles/main.dir/C_/VSARM/sdk/pico/pico-sdk/src/common/pico_time/time.c.obj
 *fill*         0x1000c7ca        0x2 
 .rodata.__func__.12
                0x1000c7cc        0xa CMakeFiles/main.dir/C_/VSARM/sdk/pico/pico-sdk/src/common/pico_time/time.c.obj
 *fill*         0x1000c7d6        0x2 
 .rodata.__func__.3
                0x1000c7d8       0x17 CMakeFiles/main.dir/C_/VSARM/sdk/pico/pico-sdk/src/common/pico_time/time.c.obj
 *fill*         0x1000c7ef        0x1 
 .rodata.__func__.4
                0x1000c7f0       0x12 CMakeFiles/main.dir/C_/VSARM/sdk/pico/pico-sdk/src/common/pico_time/time.c.obj
 *fill*         0x1000c802        0x2 
 .rodata.__func__.5
                0x1000c804        0xd CMakeFiles/main.dir/C_/VSARM/sdk/pico/pico-sdk/src/common/pico_time/time.c.obj
 *fill*         0x1000c811        0x3 
 .rodata.__func__.6
                0x1000c814       0x12 CMakeFiles/main.dir/C_/VSARM/sdk/pico/pico-sdk/src/common/pico_time/time.c.obj
 *fill*         0x1000c826        0x2 
 .rodata.__func__.7
                0x1000c828        0xf CMakeFiles/main.dir/C_/VSARM/sdk/pico/pico-sdk/src/common/pico_time/time.c.obj
 *fill*         0x1000c837        0x1 
 .rodata.__func__.8
                0x1000c838        0xc CMakeFiles/main.dir/C_/VSARM/sdk/pico/pico-sdk/src/common/pico_time/time.c.obj
 .rodata.__func__.9
                0x1000c844       0x15 CMakeFiles/main.dir/C_/VSARM/sdk/pico/pico-sdk/src/common/pico_time/time.c.obj
 *fill*         0x1000c859        0x3 
 .rodata.hardware_alarm_claim.str1.4
                0x1000c85c       0x22 CMakeFiles/main.dir/C_/VSARM/sdk/pico/pico-sdk/src/rp2_common/hardware_timer/timer.c.obj
 *fill*         0x1000c87e        0x2 
 .rodata.hardware_alarm_set_target.str1.4
                0x1000c880       0x65 CMakeFiles/main.dir/C_/VSARM/sdk/pico/pico-sdk/src/rp2_common/hardware_timer/timer.c.obj
 *fill*         0x1000c8e5        0x3 
 .rodata.__func__.0
                0x1000c8e8       0x1a CMakeFiles/main.dir/C_/VSARM/sdk/pico/pico-sdk/src/rp2_common/hardware_timer/timer.c.obj
 .rodata.ph_add_child_node.str1.4
                0x1000c902       0x96 CMakeFiles/main.dir/C_/VSARM/sdk/pico/pico-sdk/src/common/pico_util/pheap.c.obj
 *fill*         0x1000c902        0x2 
 .rodata.ph_remove_any_head.str1.4
                0x1000c904       0x8c CMakeFiles/main.dir/C_/VSARM/sdk/pico/pico-sdk/src/common/pico_util/pheap.c.obj
 .rodata.ph_remove_and_free_node.str1.4
                0x1000c990       0x1e CMakeFiles/main.dir/C_/VSARM/sdk/pico/pico-sdk/src/common/pico_util/pheap.c.obj
                                 0x26 (size before relaxing)
 *fill*         0x1000c9ae        0x2 
 .rodata.__func__.0
                0x1000c9b0       0x18 CMakeFiles/main.dir/C_/VSARM/sdk/pico/pico-sdk/src/common/pico_util/pheap.c.obj
 .rodata.__func__.1
                0x1000c9c8       0x13 CMakeFiles/main.dir/C_/VSARM/sdk/pico/pico-sdk/src/common/pico_util/pheap.c.obj
 *fill*         0x1000c9db        0x1 
 .rodata.__func__.2
                0x1000c9dc       0x12 CMakeFiles/main.dir/C_/VSARM/sdk/pico/pico-sdk/src/common/pico_util/pheap.c.obj
 *fill*         0x1000c9ee        0x2 
 .rodata.__func__.3
                0x1000c9f0        0xc CMakeFiles/main.dir/C_/VSARM/sdk/pico/pico-sdk/src/common/pico_util/pheap.c.obj
 .rodata.str1.4
                0x1000c9fc       0x89 CMakeFiles/main.dir/C_/VSARM/sdk/pico/pico-sdk/src/common/pico_sync/mutex.c.obj
                                 0xed (size before relaxing)
 *fill*         0x1000ca85        0x3 
 .rodata.__func__.1
                0x1000ca88        0xb CMakeFiles/main.dir/C_/VSARM/sdk/pico/pico-sdk/src/common/pico_sync/mutex.c.obj
 *fill*         0x1000ca93        0x1 
 .rodata.__func__.3
                0x1000ca94       0x18 CMakeFiles/main.dir/C_/VSARM/sdk/pico/pico-sdk/src/common/pico_sync/mutex.c.obj
 .rodata.__func__.4
                0x1000caac       0x15 CMakeFiles/main.dir/C_/VSARM/sdk/pico/pico-sdk/src/common/pico_sync/mutex.c.obj
 *fill*         0x1000cac1        0x3 
 .rodata.__assert_func.str1.4
                0x1000cac4       0x3f CMakeFiles/main.dir/C_/VSARM/sdk/pico/pico-sdk/src/rp2_common/pico_runtime/runtime.c.obj
                                 0x43 (size before relaxing)
 *fill*         0x1000cb03        0x1 
 .rodata.runtime_init.str1.4
                0x1000cb04       0x61 CMakeFiles/main.dir/C_/VSARM/sdk/pico/pico-sdk/src/rp2_common/pico_runtime/runtime.c.obj
 *fill*         0x1000cb65        0x3 
 .rodata.panic.str1.4
                0x1000cb68       0x10 CMakeFiles/main.dir/C_/VSARM/sdk/pico/pico-sdk/src/rp2_common/pico_runtime/runtime.c.obj
                                 0x12 (size before relaxing)
 .rodata.__func__.1
                0x1000cb78        0xd CMakeFiles/main.dir/C_/VSARM/sdk/pico/pico-sdk/src/rp2_common/pico_runtime/runtime.c.obj
 *fill*         0x1000cb85        0x3 
 .rodata.clock_configure.str1.4
                0x1000cb88       0x57 CMakeFiles/main.dir/C_/VSARM/sdk/pico/pico-sdk/src/rp2_common/hardware_clocks/clocks.c.obj
 *fill*         0x1000cbdf        0x1 
 .rodata.__func__.1
                0x1000cbe0       0x10 CMakeFiles/main.dir/C_/VSARM/sdk/pico/pico-sdk/src/rp2_common/hardware_clocks/clocks.c.obj
 .rodata.pll_init.str1.4
                0x1000cbf0      0x13b CMakeFiles/main.dir/C_/VSARM/sdk/pico/pico-sdk/src/rp2_common/hardware_pll/pll.c.obj
 *fill*         0x1000cd2b        0x1 
 .rodata.__func__.0
                0x1000cd2c        0x9 CMakeFiles/main.dir/C_/VSARM/sdk/pico/pico-sdk/src/rp2_common/hardware_pll/pll.c.obj
 *fill*         0x1000cd35        0x3 
 .rodata._ftoa.str1.4
                0x1000cd38       0x15 CMakeFiles/main.dir/C_/VSARM/sdk/pico/pico-sdk/src/rp2_common/pico_printf/printf.c.obj
 *fill*         0x1000cd4d        0x3 
 .rodata._vsnprintf
                0x1000cd50      0x1e0 CMakeFiles/main.dir/C_/VSARM/sdk/pico/pico-sdk/src/rp2_common/pico_printf/printf.c.obj
 .rodata.pow10.0